{"actions":{"copied":{"uk":"Скопійовано","en":"Copied","ru":"Скопировано","id":"Tersalin","es":"Copiado"},"delete":{"uk":"Видалити","en":"Delete","ru":"Удалить","id":"Hapus","es":"Eliminar"},"cancel":{"uk":"Відмінити","en":"Cancel","ru":"Отмена","id":"Batal","es":"Cancelar"},"save":{"uk":"Зберегти","en":"Save","ru":"Сохранить","id":"Simpan","es":"Guardar"},"paste":{"uk":"Вставити","en":"Paste","ru":"Вставить","id":"Tempelkan","es":"Pegar"},"continue_action":{"uk":"Продовжити","en":"Continue","ru":"Продолжить","id":"Lanjutkan","es":"Continuar"},"done":{"uk":"Виконано","en":"Done","ru":"Готово","id":"Selesai","es":"Hecho"},"edit":{"uk":"Редагувати","en":"Edit","ru":"Изменить","id":"Edit","es":"Editar"},"copy":{"uk":"Копіювати","en":"Copy","ru":"Скопировать","id":"Salin","es":"Copiar"},"sign_out":{"uk":"Вийти","en":"Sign Out","ru":"Выйти","id":"Keluar","es":"Desconectar"}},"dates":{"today":{"uk":"Сьогодні","en":"Today","ru":"Сегодня","id":"Hari ini","es":"Hoy"},"yesterday":{"uk":"Вчора","en":"Yesterday","ru":"Вчера","id":"Kemarin","es":"Ayer"}},"tabs":{"wallet":{"uk":"Гаманець","en":"Wallet","ru":"Кошелёк","id":"Dompet","es":"Cartera"},"history":{"uk":"Історія","en":"History","ru":"История","id":"Riwayat","es":"Historia"},"browser":{"uk":"Браузер","en":"Browser","ru":"Браузер","id":"Browser","es":"Navegador"},"purchases":{"uk":"Покупки","en":"Purchases","ru":"Покупки","id":"Pembelian","es":"Compras"}},"camera_permission":{"title":{"uk":"Дозвольте доступ до камери, щоб сканувати QR-коди","en":"Enable access to your camera in order to can scan QR codes","ru":"Разрешите доступ к камере, чтобы сканировать QR-коды","id":"Izinkan akses kamera Anda untuk memindai kode QR","es":"Permite el acceso a tu cámara para escanear códigos QR"},"button":{"uk":"Відкрити налаштування","en":"Open Settings","ru":"Открыть настройки","id":"Buka Pengaturan","es":"Abrir configuración"}},"purchases":{"title":{"uk":"Покупки","en":"Purchases","ru":"Покупки","id":"Pembelian","es":"Compras"},"empty_placeholder":{"uk":"Ваші колекційні предмети\\nз'являться тут","en":"Your collectibles\\nwill be shown here","ru":"Ваши покупки\\nпоявятся здесь","id":"Item koleksi Anda\\\\nakan muncul di sini","es":"Tus coleccionables\\\\naparecerán aquí"}},"history":{"title":{"uk":"Історія","en":"History","ru":"История","id":"Riwayat","es":"Historia"},"placeholder":{"title":{"uk":"Ваша історія\\nбуде показана тут","en":"Your history\\nwill be shown here","ru":"Ваша история\\nбудет показана здесь","id":"Riwayat Anda\\\\nakan ditampilkan di sini","es":"Tu historial\\\\nse mostrará aquí"},"subtitle":{"uk":"Здійсніть першу транзакцію!","en":"Make your first transaction!","ru":"Совершите первую транзакцию!","id":"Lakukan transaksi pertama Anda!","es":"¡Realice su primera transacción!"},"buttons":{"receive":{"uk":"Отримати","en":"Receive","ru":"Получить","id":"Terima","es":"Recibir"},"buy":{"uk":"Купити Toncoin","en":"Buy Toncoin","ru":"Купить Toncoin","id":"Beli Toncoin","es":"Comprar Toncoin"}}}},"browser":{"tab":{"explore":{"uk":"Вітрина","en":"Explore","ru":"Витрина","id":"Jelajahi","es":"Explorar"},"connected":{"uk":"Підключені","en":"Connected","ru":"Подключенные","id":"Terhubung","es":"Conectados"}},"list":{"all":{"uk":"Усі","en":"All","ru":"Все","id":"Semua","es":"Todos"}},"search_field":{"placeholder":{"uk":"Пошук або введіть адресу","en":"Search or enter address","ru":"Поиск","id":"Cari atau masukkan alamat","es":"Buscar o ingresar dirección"}},"search":{"title":{"uk":"Браузер","en":"Browser","ru":"Браузер","id":"Peramban","es":"Navegador"},"placeholder":{"uk":"Введіть адресу або здійсніть пошук в Інтернеті","en":"Enter an address or search the web","ru":"Введите адрес или начните поиск","id":"Masukkan alamat atau cari di web","es":"Ingrese una dirección o busque en la web"}}},"event_details":{"received":{"uk":"Отримано","en":"Received","ru":"Получено","id":"Diterima","es":"Recibido"},"sent":{"uk":"Відправлено","en":"Sent","ru":"Отправлено","id":"Terkirim","es":"Enviado"},"recipient":{"uk":"Отримувач","en":"Recipient","ru":"Получатель","id":"Penerima","es":"Destinatario"},"sender":{"uk":"Відправник","en":"Sender","ru":"Отправитель","id":"Pengirim","es":"Remitente"},"fee":{"uk":"Комісія","en":"Fee","ru":"Комиссия","id":"Biaya","es":"Tasa"},"comment":{"uk":"Коментарій","en":"Comment","ru":"Комментарий","id":"Komentar","es":"Comentario"},"sender_address":{"uk":"Адрес відправника","en":"Sender address","ru":"Адрес отправителя","id":"Alamat pengirim","es":"Dirección del remitente"},"recipient_address":{"uk":"Адрес одержувача","en":"Recipient address","ru":"Адрес получателя","id":"Alamat penerima","es":"Dirección del destinatario"},"sent_on":{"uk":"Відправлено %@","en":"Sent on %@","ru":"Отправлено %@","id":"Dikirim pada %@","es":"Enviado el %@"},"received_on":{"uk":"Отримано %@","en":"Received on %@","ru":"Получено %@","id":"Diterima pada %@","es":"Recibido %@"},"transaction":{"uk":"Транзакція","en":"Transaction","ru":"Транзакция","id":"Transaksi","es":"Transacción"}},"settings":{"title":{"uk":"Налаштування","en":"Settings","ru":"Настройки","id":"Pengaturan","es":"Configuración"},"items":{"security":{"uk":"Безпека","en":"Security","ru":"Безопасность","id":"Keamanan","es":"Seguridad"},"backup":{"uk":"Резервна копія","en":"Backup","ru":"Резервная копия","id":"Cadangan","es":"Copia de seguridad"},"currency":{"uk":"Валюта","en":"Currency","ru":"Валюта","id":"Mata Uang","es":"Moneda"},"theme":{"uk":"Тема","en":"Theme","ru":"Тема","id":"Tema","es":"Tema"},"logout":{"uk":"Вийти","en":"Sign out","ru":"Выйти","id":"Keluar","es":"Cerrar sesión"},"support":{"uk":"Підтримка","en":"Support","ru":"Поддержка","id":"Dukungan","es":"Soporte"},"tk_news":{"uk":"Новини Tonkeeper","en":"Tonkeeper news","ru":"Новости Tonkeeper","id":"Berita Tonkeeper","es":"Noticias de Tonkeeper"},"contact_us":{"uk":"Зв'яжіться з нами","en":"Contact us","ru":"Написать команде","id":"Hubungi Kami","es":"Contáctenos"},"rate":{"uk":"Оцінити Tonkeeper X","en":"Rate Tonkeeper X","ru":"Оценить Tonkeeper X","id":"Beri nilai Tonkeeper X","es":"Calificar Tonkeeper X"},"legal":{"uk":"Юридичні документи","en":"Legal","ru":"Юридические документы","id":"Legal","es":"Legal"},"delete_account":{"uk":"Видалити акаунт","en":"Delete account","ru":"Удалить аккаунт","id":"Hapus akun","es":"Eliminar cuenta"},"setup_wallet_description":{"uk":"Редагувати ім'я та колір","en":"Edit name and color","ru":"Кастомизировать","id":"Edit nama dan warna","es":"Editar nombre y color"}},"logout":{"title":{"uk":"Вийти?","en":"Log out?","ru":"Выйти?","id":"Keluar?","es":"¿Salir?"},"description":{"uk":"Це видалить ключі до гаманців. Переконайтеся, що ви зберегли свої секретні фрази відновлення.","en":"This will erase keys to the wallets. Make sure you have backed up your secret recovery phrases.","ru":"Доступ к кошелькам будет отключён. Убедитесь, что вы сохранили все секретные ключи.","id":"Ini akan menghapus kunci dompet. Pastikan Anda telah mencadangkan frasa pemulihan rahasia Anda.","es":"Esto eliminará las llaves de las carteras. Asegúrate de haber guardado tus frases de recuperación secreta."}}},"theme":{"title":{"uk":"Тема","en":"Theme","ru":"Тема","id":"Tema","es":"Tema"},"options":{"system":{"uk":"Система","en":"System","ru":"Системная","id":"Sistem","es":"Sistema"},"dark":{"uk":"Темна","en":"Dark","ru":"Тёмная","id":"Gelap","es":"Oscura"},"blue":{"uk":"Синя","en":"Blue","ru":"Голубая","id":"Biru","es":"Azul"}}},"currency":{"title":{"uk":"Основна валюта","en":"Primary currency","ru":"Основная валюта","id":"Mata uang utama","es":"Moneda principal"},"items":{"jpy":{"uk":"Японська єна","en":"Japanese Yen","ru":"Японская йена","id":"Yen Jepang","es":"Yen japonés"},"usd":{"uk":"Долар США","en":"United States Dollar","ru":"Доллар США","id":"Dolar Amerika Serikat","es":"Dólar estadounidense"},"eur":{"uk":"Євро","en":"Euro","ru":"Евро","id":"Euro","es":"Euro"},"rub":{"uk":"Російський рубль","en":"Russian Ruble","ru":"Российский рубль","id":"Rubel Rusia","es":"Rublo ruso"},"aed":{"uk":"Дирхам ОАЕ","en":"United Arab Emirates Dirham","ru":"Дирхам ОАЭ","id":"Dirham Uni Emirat Arab","es":"Dírham de Emiratos Árabes Unidos"},"kzt":{"uk":"Казахстанський тенге","en":"Kazakhstani Tenge","ru":"Казахский тенге","id":"Tenge Kazakhstan","es":"Tenge kazajo"},"uah":{"uk":"Українська гривня","en":"Ukrainian hryvnian","ru":"Украинская гривна","id":"Hryvnia Ukraina","es":"Grivna ucraniana"},"gbp":{"uk":"Фунт стерлінгів","en":"Great Britain Pound","ru":"Фунт стерлингов","id":"Pound Inggris","es":"Libra esterlina británica"},"chf":{"uk":"Швейцарський франк","en":"Swiss Franc","ru":"Швейцарский франк","id":"Franc Swiss","es":"Franco suizo"},"cny":{"uk":"Китайський юань","en":"China Yuan","ru":"Китайский юань","id":"Yuan Tiongkok","es":"Yuan chino"},"krw":{"uk":"Південнокорейська вона","en":"South Korean Won","ru":"Южнокорейская вона","id":"Won Korea Selatan","es":"Won surcoreano"},"idr":{"uk":"Індонезійська рупія","en":"Indonesian Rupiah","ru":"Индонезийская рупия","id":"Rupiah Indonesia","es":"Rupia indonesia"},"inr":{"uk":"Індійська рупія","en":"Indian Rupee","ru":"Индийская рупия","id":"Rupee India","es":"Rupia india"}}},"backup":{"title":{"uk":"Резервна копія","en":"Backup","ru":"Резервная копия","id":"Cadangan","es":"Copia de seguridad"},"information":{"title":{"uk":"Ручний","en":"Manual","ru":"Вручную","id":"Manual","es":"Manual"},"subtitle":{"uk":"Створіть резервну копію свого гаманця вручну, записавши фразу для відновлення.","en":"Back up your wallet manually by writing down the recovery phrase.","ru":"Создайте резервную копию своего кошелька вручную, записав секретный ключ.","id":"Buat cadangan dompet Anda secara manual dengan menulis frase pemulihan.","es":"Haga una copia de seguridad de su billetera manualmente escribiendo la frase de recuperación."}},"done":{"title":{"uk":"Ручне резервне копіювання увімкнено","en":"Manual Backup On","ru":"Резервная копия сделана","id":"Cadangan Manual Aktif","es":"Copia de seguridad manual activada"},"subtitle":{"uk":"Останнє %@","en":"Last backup %@","ru":"Последняя %@","id":"Cadangan terakhir %@","es":"Última %@"}},"manually":{"button":{"uk":"Створити резервну копію вручну","en":"Back Up Manually","ru":"Сделать копию вручную","id":"Cadangkan Secara Manual","es":"Hacer copia manualmente"}},"show_phrase":{"title":{"uk":"Показати ключ відновлення","en":"Show Recovery Phrase","ru":"Показать секретный ключ","id":"Tampilkan Frasa Pemulihan","es":"Mostrar Frase de Recuperación"}}},"security":{"title":{"uk":"Безпека","en":"Security","ru":"Безопасность","id":"Keamanan","es":"Seguridad"},"use":{"uk":"Використовувати %@","en":"Use %@","ru":"Использовать %@","id":"Gunakan %@","es":"Usar %@"},"change_passcode":{"uk":"Змінити пін-код","en":"Change Passcode","ru":"Поменять пин-код","id":"Ubah kode sandi","es":"Cambiar código PIN"},"unavailable_error":{"uk":"Біометрія недоступна","en":"Biometry unavailable","ru":"Биометрия недоступна","id":"Biometri tidak tersedia","es":"Biometría no disponible"},"use_biometry_description":{"uk":"Ви завжди можете розблокувати гаманець за допомогою пароля","en":"You can always unlock your wallet with a passcode.","ru":"Вы всегда можете разблокировать кошелёк\\nс помощью пин-кода","id":"Anda selalu dapat membuka dompet Anda dengan kode sandi.","es":"Siempre puedes desbloquear tu billetera con un código de acceso."}},"wallet_buttons":{"send":{"uk":"Відправити","en":"Send","ru":"Отправить","id":"Kirim","es":"Enviar"},"receive":{"uk":"Отримати","en":"Receive","ru":"Получить","id":"Terima","es":"Recibir"},"scan":{"uk":"Сканувати","en":"Scan","ru":"Сканировать","id":"Pindai","es":"Escanear"},"buy":{"uk":"Купити TON","en":"Buy TON","ru":"Купить TON","id":"Beli TON","es":"Comprar TON"},"swap":{"uk":"Обміняти","en":"Swap","ru":"Обменять","id":"Tukar","es":"Cambiar"},"stake":{"uk":"Застейкати","en":"Stake","ru":"Застейкать","id":"Stake","es":"Apostar"}},"send":{"title":{"uk":"Відправити","en":"Send","ru":"Отправить","id":"Kirim","es":"Enviar"},"recepient":{"placeholder":{"uk":"Адрес або ім'я","en":"Address or name","ru":"Адрес или имя","id":"Alamat atau nama","es":"Dirección o nombre"}},"amount":{"placeholder":{"uk":"Сума","en":"Amount","ru":"Сумма","id":"Jumlah","es":"Monto"}},"comment":{"placeholder":{"uk":"Коментар","en":"Comment","ru":"Комментарий","id":"Komentar","es":"Comentario"},"description":{"uk":"Буде видно всім.","en":"Will be visible to everyone.","ru":"Будет виден всем.","id":"Akan terlihat oleh semua orang.","es":"Será visible para todos."}},"required_comment":{"placeholder":{"uk":"Обов'язковий коментар","en":"Required comment","ru":"Комментарий","id":"Komentar wajib","es":"Comentario obligatorio"},"description":{"uk":"Обов'язково вкажіть примітку або тег під час відправки на біржу.","en":"You must include the note from the exchange for transfer. Without it your funds will be lost.","ru":"Обязательно укажите memo или тег при отправке на биржу.","id":"Anda harus menyertakan catatan dari bursa untuk transfer. Tanpanya, dana Anda akan hilang.","es":"Debe incluir la nota del intercambio para la transferencia. Sin ella, sus fondos se perderán."}}},"confirm_send":{"token_transfer":{"title":{"uk":"Підтвердити дію","en":"Confirm action","ru":"Подтвердить действие","id":"Konfirmasi tindakan","es":"Confirmar acción"},"transfer":{"uk":"Переказ %@","en":"Transfer %@","ru":"Отправка %@","id":"Transfer %@","es":"Transferencia %@"}},"fee":{"uk":"Комісія","en":"Fee","ru":"Комиссия","id":"Biaya","es":"Comisión"},"wallet":{"uk":"Гаманець","en":"Wallet","ru":"Кошелёк","id":"Dompet","es":"Cartera"},"amount":{"uk":"Сума","en":"Amount","ru":"Сумма","id":"Jumlah","es":"Monto"},"comment":{"uk":"Коментар","en":"Comment","ru":"Комментарий","id":"Komentar","es":"Comentario"},"recipient":{"title":{"uk":"Отримувач","en":"Recipient","ru":"Получатель","id":"Penerima","es":"Destinatario"},"address":{"uk":"Адреса одержувача","en":"Recipient address","ru":"Адрес получателя","id":"Alamat penerima","es":"Dirección del destinatario"}},"confirm_button":{"uk":"Підтвердити і відправити","en":"Confirm and send","ru":"Подтвердить и отправить","id":"Konfirmasi dan kirim","es":"Confirmar y enviar"}},"customize_wallet":{"title":{"uk":"Налаштуй свій гаманець","en":"Customize your Wallet","ru":"Кастомизируйте свой кошелёк","id":"Sesuaikan Dompet Anda","es":"Personaliza tu billetera"},"description":{"uk":"Назва та іконка гаманця зберігаються локально на вашому пристрої.","en":"Wallet name and icon are stored locally on your device.","ru":"Имя и иконка кошелька хранятся локально на вашем устройстве.","id":"Nama dan ikon dompet disimpan secara lokal di perangkat Anda.","es":"El nombre y el icono de la billetera se guardan localmente en tu dispositivo."},"input_placeholder":{"uk":"Ім'я гаманця","en":"Wallet Name","ru":"Имя кошелька","id":"Nama Dompet","es":"Nombre de la cartera"},"default_wallet_name":{"uk":"Гаманець","en":"Wallet","ru":"Кошелёк","id":"Dompet","es":"Cartera"}},"connection_status":{"updating":{"uk":"Оновлення","en":"Updating","ru":"Обновление","id":"Memperbarui","es":"Actualizando"},"no_internet":{"uk":"Немає з'єднання з інтернетом","en":"No Internet connection","ru":"Нет сети","id":"Tidak ada sambungan Internet","es":"Sin conexión a Internet"},"updated_at":{"uk":"Оновлено %@","en":"Updated %@","ru":"Обновлено %@","id":"Diperbarui %@","es":"Actualizado %@"}},"token":{"unverified":{"uk":"Неперевірений токен","en":"Unverified token","ru":"Непроверенный токен","id":"Token belum diverifikasi","es":"Token no verificado"}},"onboarding":{"caption":{"uk":"Створіть новий гаманець або додайте існуючий","en":"Create a new wallet or add an existing one","ru":"Создайте новый или подключите существующий кошелёк","id":"Buat dompet baru atau tambahkan yang sudah ada","es":"Cree una nueva billetera o agregue una existente"},"buttons":{"create_new":{"uk":"Створити новий гаманець","en":"Create New Wallet","ru":"Создать новый кошелёк","id":"Buat Dompet Baru","es":"Crear Nuevo Monedero"},"import_existing":{"uk":"Імпортувати існуючий гаманець","en":"Import Existing Wallet","ru":"Подключить существующий","id":"Impor Dompet yang Ada","es":"Importar Cartera Existente"}}},"passcode":{"create":{"uk":"Створити код доступу","en":"Create passcode","ru":"Задайте новый пин-код","id":"Buat kata sandi","es":"Crear código de acceso"},"reenter":{"uk":"Введіть пароль ще раз","en":"Re-enter passcode","ru":"Введите пин-код ещё раз","id":"Masukkan kembali kode sandi","es":"Vuelve a ingresar el código de acceso"},"enter":{"uk":"Введіть пін-код","en":"Enter passcode","ru":"Введите пин-код","id":"Masukkan kode sandi","es":"Introduce el código de acceso"}},"import_wallet":{"title":{"uk":"Введіть секретний ключ","en":"Enter recovery phrase","ru":"Введите секретный ключ","id":"Masukkan frasa pemulihan","es":"Introduzca la frase de recuperación"},"description":{"uk":"Коли ви створили цей гаманець, ви отримали фразу відновлення з 24 слів. Введіть її, щоб відновити доступ до свого гаманця.","en":"When you created this wallet, you got a 24-word recovery phrase. Enter it to restore access to your wallet.","ru":"Чтобы восстановить доступ, введите 24 секретных слова, которые вы получили при создании кошелька.","id":"Saat Anda membuat dompet ini, Anda mendapatkan frasa pemulihan 24 kata. Masukkan itu untuk mengembalikan akses ke dompet Anda.","es":"Cuando creó esta billetera, recibió una frase de recuperación de 24 palabras. Ingrésela para restaurar el acceso a su billetera."}},"choose_wallets":{"title":{"uk":"Виберіть гаманці","en":"Choose Wallets","ru":"Выберите кошельки","id":"Pilih Dompet","es":"Elija Carteras"},"description":{"uk":"Оберіть гаманці, які ви хочете додати.","en":"Choose wallets you want to add.","ru":"Выберите кошельки, которые вы хотите добавить.","id":"Pilih dompet yang ingin Anda tambahkan.","es":"Elige las carteras que quieres añadir."},"tokens":{"uk":"токени","en":"tokens","ru":"токены","id":"token","es":"tokens"}},"finish_setup":{"title":{"uk":"Завершити налаштування","en":"Finish setting up","ru":"Завершить установку","id":"Selesaikan pengaturan","es":"Terminar configuración"},"setup_biometry":{"uk":"Увімкніть %@ для підтвердження транзакцій","en":"Use %@ to approve transactions","ru":"Включите %@ для подтверждения транзакций","id":"Gunakan %@ untuk menyetujui transaksi","es":"Utiliza %@ para aprobar transacciones"},"biometry_unavailable":{"uk":"Біометрія недоступна","en":"Biometry unavailable","ru":"Биометрия недоступна","id":"Biometri tidak tersedia","es":"Biometría no disponible"},"backup":{"uk":"Створіть резервну копію фрази для відновлення гаманця","en":"Back up the wallet recovery phrase","ru":"Создайте резервную копию секретного ключа кошелька","id":"Buat cadangan frasa pemulihan dompet","es":"Haga una copia de seguridad de la frase de recuperación del monedero"}},"wallets_list":{"title":{"uk":"Список гаманців","en":"Wallets list","ru":"Кошельки","id":"Daftar dompet","es":"Lista de carteras"},"add_wallet":{"uk":"Додати гаманець","en":"Add Wallet","ru":"Добавить кошелёк","id":"Tambahkan Dompet","es":"Agregar Cartera"}},"add_wallet":{"title":{"uk":"Додати гаманець","en":"Add Wallet","ru":"Добавить кошелёк","id":"Tambahkan Dompet","es":"Añadir Cartera"},"description":{"uk":"Створіть новий гаманець або додайте наявний.","en":"Create a new wallet or add an existing one.","ru":"Создайте новый кошелёк или добавьте существующий.","id":"Buat dompet baru atau tambahkan yang sudah ada.","es":"Cree una nueva billetera o añada una existente."},"items":{"new_wallet":{"title":{"uk":"Новий гаманець","en":"New Wallet","ru":"Новый кошелёк","id":"Dompet Baru","es":"Nuevo Monedero"},"subtitle":{"uk":"Створити новий гаманець","en":"Create new wallet","ru":"Создать новый кошелёк","id":"Buat dompet baru","es":"Crear nueva cartera"}},"existing_wallet":{"title":{"uk":"Існуючий гаманець","en":"Existing Wallet","ru":"Существующий кошелёк","id":"Dompet yang Ada","es":"Cartera Existente"},"subtitle":{"uk":"Імпортуйте гаманець за допомогою 24 секретних слів відновлення","en":"Import wallet with a 24 secret recovery words","ru":"Добавить кошелёк с помощью секретного ключа из 24 слов","id":"Impor dompet dengan 24 kata-kata pemulihan rahasia","es":"Importar cartera con 24 palabras secretas de recuperación"}},"watch_only":{"title":{"uk":"Акаунт для перегляду","en":"Watch Account","ru":"Аккаунт для просмотра","id":"Akun Tontonan","es":"Cuenta de solo visualización"},"subtitle":{"uk":"Для моніторингу активності гаманця без введення секретної фрази","en":"For monitor wallet activity without recovery phrase","ru":"Для отслеживания активности кошелька без ввода секретного ключа","id":"Untuk memantau aktivitas dompet tanpa frasa pemulihan","es":"Para monitorear la actividad de la billetera sin frase de recuperación"}},"testnet":{"title":{"uk":"Тестова мережа Аккаунт","en":"Testnet Account","id":"Akun Testnet","es":"Cuenta de Testnet"},"subtitle":{"uk":"Імпортуйте гаманець за допомогою 24 секретних слів для відновлення в Testnet","en":"Import wallet with a 24 secret recovery words to Testnet","id":"Impor dompet dengan 24 kata pemulihan rahasia ke Testnet","es":"Importar cartera con 24 palabras secretas de recuperación a Testnet"}},"pair_signer":{"title":{"uk":"З'єднати Signer","en":"Pair Signer","ru":"Пара для Signer","id":"Pasangkan Signer","es":"Emparejar Signer"},"subtitle":{"uk":"Вищий рівень контролю та безпеки","en":"A higher level of control and security","ru":"Более высокий уровень контроля и безопасности","id":"Tingkat kendali dan keamanan yang lebih tinggi","es":"Un mayor nivel de control y seguridad"}},"pair_ledger":{"title":{"uk":"Підключити Ledger","en":"Pair with Ledger","ru":"Подключить Ledger","id":"Hubungkan Ledger","es":"Vincular con Ledger"},"subtitle":{"uk":"Апаратний модуль, Bluetooth, обмежені функції TON","en":"Hardware module, Bluetooth, limited TON features","ru":"Аппаратный модуль, Bluetooth, ограниченные функции TON","id":"Modul perangkat keras, Bluetooth, fitur TON terbatas","es":"Módulo de hardware, Bluetooth, funciones limitadas de TON"}}}},"scanner":{"title":{"uk":"Скануйте QR-код","en":"Scan QR code","ru":"Отсканируйте QR-код","id":"Pindai kode QR","es":"Escanea el código QR"}},"signer":{"scan":{"subtitle":{"uk":"Відкрийте Signer » Виберіть потрібний ключ » Відскануйте QR-код","en":"Open Signer » Select the required key » Scan QR code","ru":"Откройте Signer » Выберите нужный ключ » Отсканируйте QR-код","id":"Buka Signer » Pilih kunci yang diperlukan » Pindai kode QR","es":"Abra Signer » Seleccione la clave requerida » Escanee el código QR"},"open_signer_button":{"uk":"Відкрити Signer на цьому пристрої","en":"Open Signer on this device","ru":"Открыть Signer на этом устройстве","id":"Buka Signer di perangkat ini","es":"Abrir Signer en este dispositivo"}}},"chart":{"price":{"uk":"Ціна","en":"Price","ru":"Цена","id":"Harga","es":"Precio"}},"periods":{"hour":{"uk":"Г","en":"H","ru":"Ч","id":"J","es":"H"},"day":{"uk":"Д","en":"D","ru":"Д","id":"H","es":"D"},"week":{"uk":"Т","en":"W","ru":"Н","id":"M","es":"S"},"month":{"uk":"М","en":"M","ru":"М","id":"B","es":"M"},"half_year":{"uk":"6М","en":"6M","ru":"6М","id":"6B","es":"6M"},"year":{"uk":"Р","en":"Y","ru":"Г","id":"T","es":"A"}},"wallet_tags":{"watch_only":{"uk":"Тільки перегляд","en":"Watch only","ru":"Просмотр","id":"Hanya melihat","es":"Solo visualización"}},"receive":{"title":{"uk":"Отримати %@","en":"Receive %@","ru":"Получить %@","id":"Terima %@","es":"Recibir %@"},"description":{"uk":"Відправляйте на цю адресу тільки %@ та токени в мережі TON, інакше ви можете втратити свої кошти.","en":"Send only %@ and tokens in TON network to this address, or you might lose your funds.","ru":"Отправляйте на этот адрес только %@ и токены в сети TON, иначе вы можете потерять свои средства.","id":"Kirim hanya %@ dan token di jaringan TON ke alamat ini, atau Anda mungkin kehilangan dana Anda.","es":"Envíe solo %@ y tokens en la red TON a esta dirección, o podría perder sus fondos."}},"watch_account":{"title":{"uk":"Акаунт для перегляду","en":"Watch Account","ru":"Аккаунт для просмотра","id":"Akun Tonton","es":"Cuenta de observación"},"description":{"uk":"Відслідковуйте активність гаманця без фрази відновлення. Ви будете отримувати сповіщення про будь-які транзакції з цього гаманця.","en":"Monitor wallet activity without recovery phrase. You will be notified of any transactions from this wallet.","ru":"Отслеживайте активность, получайте уведомления о транзакциях этого кошелька без ввода секретного ключа.","id":"Pantau aktivitas dompet tanpa frasa pemulihan. Anda akan menerima pemberitahuan tentang transaksi apa pun dari dompet ini.","es":"Monitorea la actividad del monedero sin frase de recuperación. Recibirás notificaciones sobre cualquier transacción de este monedero."},"placeholder":{"uk":"Адрес або ім'я","en":"Address or name","ru":"Адрес или имя","id":"Alamat atau nama","es":"Dirección o nombre"}},"action_types":{"future":{"send":{"uk":"Відправити","en":"Send","ru":"Отправить","id":"Kirim","es":"Enviar"},"receive":{"uk":"Отримати","en":"Receive","ru":"Получить","id":"Terima","es":"Recibir"}},"sent":{"uk":"Відправлено","en":"Sent","ru":"Отправлено","id":"Terkirim","es":"Enviado"},"received":{"uk":"Отримано","en":"Received","ru":"Получено","id":"Diterima","es":"Recibido"},"stake":{"uk":"Ставка","en":"Stake","ru":"Депозит","id":"Pasak","es":"Apuesta"},"unstake":{"uk":"Виведення ставок","en":"Unstake","ru":"Вывод","id":"Tarik taruhan","es":"Desapostar"},"unstake_request":{"uk":"Запит на відв'язку","en":"Unstake Request","ru":"Запрос на вывод","id":"Permintaan Pemutusan","es":"Solicitud de desapuntalamiento"},"swap":{"uk":"Заміна","en":"Swap","ru":"Обмен","id":"Tukar","es":"Intercambio"},"spam":{"uk":"Спам","en":"Spam","ru":"Спам","id":"Spam","es":"Spam"},"bounced":{"uk":"Повернено","en":"Bounced","ru":"Возвращено","id":"Dikembalikan","es":"Rebotado"},"subscribed":{"uk":"Підписка","en":"Subscribed","ru":"Подписка","id":"Langganan","es":"Suscrito"},"unsubscribed":{"uk":"Відписка","en":"Unsubscribed","ru":"Отмена подписки","id":"Berhenti berlangganan","es":"Darse de baja"},"contract_exec":{"uk":"Виклик контракту","en":"Call contract","ru":"Вызов контракта","id":"Panggilan kontrak","es":"Llamar contrato"},"nft_collection_deploy":{"uk":"Створення колекції NFT","en":"NFT сollection creation","ru":"Создание контракта","id":"Penciptaan Koleksi NFT","es":"Despliegue de colección NFT"},"nft_deploy":{"uk":"Створення NFT","en":"NFT creation","ru":"Создание контракта","id":"Pembuatan NFT","es":"Creación de NFT"},"nft_sale_removal":{"uk":"Видалення з продажу","en":"Removal from sale","ru":"Сбор с продажи","id":"Penghapusan dari penjualan","es":"Retirada de la venta"},"nft_purchase":{"uk":"Покупка NFT","en":"NFT purchase","ru":"Покупка NFT","id":"Pembelian NFT","es":"Compra de NFT"},"bid":{"uk":"Ставка","en":"Bid","ru":"Ставка","id":"Tawaran","es":"Puja"},"put_up_auction":{"uk":"Виставити на аукціон","en":"Put up for auction","ru":"Начало аукциона","id":"Pasang lelang","es":"Poner en subasta"},"end_auction":{"uk":"Завершення аукціону","en":"End of auction","ru":"Завершение аукциона","id":"Akhir lelang","es":"Fin de la subasta"},"domain_renew":{"uk":"Оновлення домену","en":"Renew Domain","ru":"Продление домена","id":"Perpanjang Domain","es":"Renovar Dominio"},"unknown":{"uk":"Невідомо","en":"Unknown","ru":"Неизвестно","id":"Tidak diketahui","es":"Desconocido"},"wallet_initialize":{"uk":"Гаманець ініціалізовано","en":"Wallet initialized","ru":"Кошелёк инициализирован","id":"Dompet diinisialisasi","es":"Cartera inicializada"}},"ledger_connect":{"title":{"uk":"Підключити Ledger","en":"Connect Ledger","ru":"Подключить Ledger","id":"Hubungkan Ledger","es":"Conectar Ledger"},"steps":{"bluetooth_connect":{"description":{"uk":"Підключіть Ledger до вашого пристрою через Bluetooth","en":"Connect Ledger to your device via Bluetooth","id":"Sambungkan Ledger ke perangkat Anda melalui Bluetooth","es":"Conecta Ledger a tu dispositivo a través de Bluetooth"}},"ton_app":{"description":{"uk":"Розблокуйте і відкрийте додаток TON","en":"Unlock it and open TON App","id":"Buka kunci dan buka aplikasi TON","es":"Desbloquéalo y abre la aplicación TON"},"link":{"uk":"Встановіть додаток TON","en":"Install TON App","id":"Instal Aplikasi TON","es":"Instala la App TON"}}},"items":{"bluetooth_connect":{"description":{"uk":"Підключіть Ledger до свого пристрою за допомогою Bluetooth","ru":"Подключите Ledger к своему устройству с помощью Bluetooth","id":"Hubungkan Ledger ke perangkat Anda menggunakan Bluetooth","es":"Conecte Ledger a su dispositivo utilizando Bluetooth"}},"ton_app":{"description":{"uk":"Розблокуйте його та відкрийте додаток TON","ru":"Разблокируйте его и откройте приложение TON","id":"Buka kunci dan buka aplikasi TON","es":"Desbloquéalo y abre la aplicación TON"},"link":{"uk":"Встановити застосунок","ru":"Установить приложение","id":"Instal aplikasi","es":"Instalar aplicación"}}}},"ledger_confirm":{"title":{"uk":"Підтвердити дію","en":"Confirm Action","ru":"Подтвердить действие","id":"Konfirmasi Tindakan","es":"Confirmar Acción"},"steps":{"bluetooth_connect":{"description":{"uk":"Підключіть Ledger до вашого пристрою через Bluetooth","en":"Connect Ledger to your device via Bluetooth","id":"Sambungkan Ledger ke perangkat Anda melalui Bluetooth","es":"Conecte Ledger a su dispositivo mediante Bluetooth"}},"ton_app":{"description":{"uk":"Розблокуйте його та відкрийте додаток TON","en":"Unlock it and open TON App","id":"Buka kunci dan buka aplikasi TON","es":"Desbloquéalo y abre la app de TON"}},"confirm":{"description":{"uk":"Підтвердіть вашу транзакцію на Ledger","en":"Confirm your transaction on Ledger","id":"Konfirmasikan transaksi Anda di Ledger","es":"Confirme su transacción en Ledger"}}},"items":{"bluetooth_connect":{"description":{"uk":"Підключіть Ledger до свого пристрою за допомогою Bluetooth","ru":"Подключите Ledger к своему устройству с помощью Bluetooth","id":"Hubungkan Ledger ke perangkat Anda menggunakan Bluetooth","es":"Conecte el Ledger a su dispositivo mediante Bluetooth"}},"ton_app":{"description":{"uk":"Розблокуйте його і відкрийте додаток TON","ru":"Разблокируйте его и откройте приложение TON","id":"Buka kunci dan buka aplikasi TON","es":"Desbloquéalo y abre la aplicación TON"}},"confirm":{"uk":"Підтвердьте транзакцію у Ledger","ru":"Подтвердите транзакцию в Ledger","id":"Konfirmasi transaksi di Ledger","es":"Confirme la transacción en Ledger"}}},"sign_out_full":{"title":{"uk":"🚧 🚨🚨🚨 🚧\\nВийти з усіх гаманців?","en":"🚧 🚨🚨🚨 🚧\\nSign Out of All Wallets?","ru":"🚧 🚨🚨🚨 🚧\\nВыйти из всех кошельков?","id":"🚧 🚨🚨🚨 🚧\\\\nKeluar dari Semua Dompet?","es":"🚧 🚨🚨🚨 🚧\\\\n¿Salir de todas las carteras?"},"description":{"uk":"Це видалить ключі до всіх гаманців. Переконайтеся, що ви зберегли резервні фрази для відновлення.","en":"This will erase keys to all wallets. Make sure you have backed up your recovery phrases.","ru":"Доступ к кошелькам будет отключён. Убедитесь, что вы сохранили все секретные ключи.","id":"Ini akan menghapus kunci untuk semua dompet. Pastikan Anda telah mencadangkan frasa pemulihan Anda.","es":"Esto eliminará las llaves de todas las billeteras. Asegúrese de haber guardado sus frases de recuperación."}}}