{"actions":{"copied":{"uk":"Скопійовано","ru":"Скопировано","en":"Copied","id":"Tersalin"},"delete":{"uk":"Видалити","ru":"Удалить","en":"Delete","id":"Hapus"},"cancel":{"uk":"Відмінити","ru":"Отмена","en":"Cancel","id":"Batal"},"save":{"uk":"Зберегти","ru":"Сохранить","en":"Save","id":"Simpan"},"paste":{"uk":"Вставити","ru":"Вставить","en":"Paste","id":"Tempelkan"},"continue_action":{"uk":"Продовжити","ru":"Продолжить","en":"Continue","id":"Lanjutkan"},"done":{"uk":"Виконано","ru":"Готово","en":"Done","id":"Selesai"},"edit":{"uk":"Редагувати","ru":"Изменить","en":"Edit","id":"Edit"},"copy":{"uk":"Копіювати","ru":"Скопировать","en":"Copy","id":"Salin"},"sign_out":{"uk":"Вийти","ru":"Выйти","en":"Sign Out","id":"Keluar"}},"dates":{"today":{"uk":"Сьогодні","ru":"Сегодня","en":"Today","id":"Hari ini"},"yesterday":{"uk":"Вчора","ru":"Вчера","en":"Yesterday","id":"Kemarin"}},"tabs":{"wallet":{"uk":"Гаманець","ru":"Кошелёк","en":"Wallet","id":"Dompet"},"history":{"uk":"Історія","ru":"История","en":"History","id":"Riwayat"},"browser":{"uk":"Браузер","ru":"Браузер","en":"Browser","id":"Browser"},"purchases":{"uk":"Покупки","ru":"Покупки","en":"Purchases","id":"Pembelian"}},"camera_permission":{"title":{"uk":"Дозвольте доступ до камери, щоб сканувати QR-коди","ru":"Разрешите доступ к камере, чтобы сканировать QR-коды","en":"Enable access to your camera in order to can scan QR codes","id":"Izinkan akses kamera Anda untuk memindai kode QR"},"button":{"uk":"Відкрити налаштування","ru":"Открыть настройки","en":"Open Settings","id":"Buka Pengaturan"}},"purchases":{"title":{"uk":"Покупки","ru":"Покупки","en":"Purchases","id":"Pembelian"},"empty_placeholder":{"uk":"Ваші колекційні предмети\\nз'являться тут","ru":"Ваши покупки\\nпоявятся здесь","en":"Your collectibles\\nwill be shown here","id":"Item koleksi Anda\\\\nakan muncul di sini"}},"history":{"title":{"uk":"Історія","ru":"История","en":"History","id":"Riwayat"},"placeholder":{"title":{"uk":"Ваша історія\\nбуде показана тут","ru":"Ваша история\\nбудет показана здесь","en":"Your history\\nwill be shown here","id":"Riwayat Anda\\\\nakan ditampilkan di sini"},"subtitle":{"uk":"Здійсніть першу транзакцію!","ru":"Совершите первую транзакцию!","en":"Make your first transaction!","id":"Lakukan transaksi pertama Anda!"},"buttons":{"receive":{"uk":"Отримати","ru":"Получить","en":"Receive","id":"Terima"},"buy":{"uk":"Купити Toncoin","ru":"Купить Toncoin","en":"Buy Toncoin","id":"Beli Toncoin"}}}},"browser":{"tab":{"explore":{"uk":"Вітрина","ru":"Витрина","en":"Explore","id":"Jelajahi"},"connected":{"uk":"Підключені","ru":"Подключенные","en":"Connected","id":"Terhubung"}},"list":{"all":{"uk":"Усі","ru":"Все","en":"All","id":"Semua"}},"search_field":{"placeholder":{"uk":"Пошук або введіть адресу","ru":"Поиск","en":"Search or enter address","id":"Cari atau masukkan alamat"}},"search":{"title":{"uk":"Браузер","ru":"Браузер","en":"Browser","id":"Peramban"},"placeholder":{"uk":"Введіть адресу або здійсніть пошук в Інтернеті","ru":"Введите адрес или начните поиск","en":"Enter an address or search the web","id":"Masukkan alamat atau cari di web"}}},"event_details":{"received":{"uk":"Отримано","ru":"Получено","en":"Received","id":"Diterima"},"sent":{"uk":"Відправлено","ru":"Отправлено","en":"Sent","id":"Terkirim"},"recipient":{"uk":"Отримувач","ru":"Получатель","en":"Recipient","id":"Penerima"},"sender":{"uk":"Відправник","ru":"Отправитель","en":"Sender","id":"Pengirim"},"fee":{"uk":"Комісія","ru":"Комиссия","en":"Fee","id":"Biaya"},"comment":{"uk":"Коментарій","ru":"Комментарий","en":"Comment","id":"Komentar"},"sender_address":{"uk":"Адрес відправника","ru":"Адрес отправителя","en":"Sender address","id":"Alamat pengirim"},"recipient_address":{"uk":"Адрес одержувача","ru":"Адрес получателя","en":"Recipient address","id":"Alamat penerima"},"sent_on":{"uk":"Відправлено %@","ru":"Отправлено %@","en":"Sent on %@","id":"Dikirim pada %@"},"received_on":{"uk":"Отримано %@","ru":"Получено %@","en":"Received on %@","id":"Diterima pada %@"},"transaction":{"uk":"Транзакція","ru":"Транзакция","en":"Transaction","id":"Transaksi"}},"settings":{"title":{"uk":"Налаштування","ru":"Настройки","en":"Settings","id":"Pengaturan"},"items":{"security":{"uk":"Безпека","ru":"Безопасность","en":"Security","id":"Keamanan"},"backup":{"uk":"Резервна копія","ru":"Резервная копия","en":"Backup","id":"Cadangan"},"currency":{"uk":"Валюта","ru":"Валюта","en":"Currency","id":"Mata Uang"},"theme":{"uk":"Тема","ru":"Тема","en":"Theme","id":"Tema"},"logout":{"uk":"Вийти","ru":"Выйти","en":"Sign out","id":"Keluar"},"support":{"uk":"Підтримка","ru":"Поддержка","en":"Support","id":"Dukungan"},"tk_news":{"uk":"Новини Tonkeeper","ru":"Новости Tonkeeper","en":"Tonkeeper news","id":"Berita Tonkeeper"},"contact_us":{"uk":"Зв'яжіться з нами","ru":"Написать команде","en":"Contact us","id":"Hubungi Kami"},"rate":{"uk":"Оцінити Tonkeeper X","ru":"Оценить Tonkeeper X","en":"Rate Tonkeeper X","id":"Beri nilai Tonkeeper X"},"legal":{"uk":"Юридичні документи","ru":"Юридические документы","en":"Legal","id":"Legal"},"delete_account":{"uk":"Видалити акаунт","ru":"Удалить аккаунт","en":"Delete account","id":"Hapus akun"},"setup_wallet_description":{"uk":"Редагувати ім'я та колір","ru":"Кастомизировать","en":"Edit name and color","id":"Edit nama dan warna"}},"logout":{"title":{"uk":"Вийти?","ru":"Выйти?","en":"Log out?","id":"Keluar?"},"description":{"uk":"Це видалить ключі до гаманців. Переконайтеся, що ви зберегли свої секретні фрази відновлення.","ru":"Доступ к кошелькам будет отключён. Убедитесь, что вы сохранили все секретные ключи.","en":"This will erase keys to the wallets. Make sure you have backed up your secret recovery phrases.","id":"Ini akan menghapus kunci dompet. Pastikan Anda telah mencadangkan frasa pemulihan rahasia Anda."}}},"theme":{"title":{"uk":"Тема","ru":"Тема","en":"Theme","id":"Tema"},"options":{"system":{"uk":"Система","ru":"Системная","en":"System","id":"Sistem"},"dark":{"uk":"Темна","ru":"Тёмная","en":"Dark","id":"Gelap"},"blue":{"uk":"Синя","ru":"Голубая","en":"Blue","id":"Biru"}}},"currency":{"title":{"uk":"Основна валюта","ru":"Основная валюта","en":"Primary currency","id":"Mata uang utama"},"items":{"jpy":{"uk":"Японська єна","ru":"Японская йена","en":"Japanese Yen","id":"Yen Jepang"},"usd":{"uk":"Долар США","ru":"Доллар США","en":"United States Dollar","id":"Dolar Amerika Serikat"},"eur":{"uk":"Євро","ru":"Евро","en":"Euro","id":"Euro"},"rub":{"uk":"Російський рубль","ru":"Российский рубль","en":"Russian Ruble","id":"Rubel Rusia"},"aed":{"uk":"Дирхам ОАЕ","ru":"Дирхам ОАЭ","en":"United Arab Emirates Dirham","id":"Dirham Uni Emirat Arab"},"kzt":{"uk":"Казахстанський тенге","ru":"Казахский тенге","en":"Kazakhstani Tenge","id":"Tenge Kazakhstan"},"uah":{"uk":"Українська гривня","ru":"Украинская гривна","en":"Ukrainian hryvnian","id":"Hryvnia Ukraina"},"gbp":{"uk":"Фунт стерлінгів","ru":"Фунт стерлингов","en":"Great Britain Pound","id":"Pound Inggris"},"chf":{"uk":"Швейцарський франк","ru":"Швейцарский франк","en":"Swiss Franc","id":"Franc Swiss"},"cny":{"uk":"Китайський юань","ru":"Китайский юань","en":"China Yuan","id":"Yuan Tiongkok"},"krw":{"uk":"Південнокорейська вона","ru":"Южнокорейская вона","en":"South Korean Won","id":"Won Korea Selatan"},"idr":{"uk":"Індонезійська рупія","ru":"Индонезийская рупия","en":"Indonesian Rupiah","id":"Rupiah Indonesia"},"inr":{"uk":"Індійська рупія","ru":"Индийская рупия","en":"Indian Rupee","id":"Rupee India"}}},"backup":{"title":{"uk":"Резервна копія","ru":"Резервная копия","en":"Backup","id":"Cadangan"},"information":{"title":{"uk":"Ручний","ru":"Вручную","en":"Manual","id":"Manual"},"subtitle":{"uk":"Створіть резервну копію свого гаманця вручну, записавши фразу для відновлення.","ru":"Создайте резервную копию своего кошелька вручную, записав секретный ключ.","en":"Back up your wallet manually by writing down the recovery phrase.","id":"Buat cadangan dompet Anda secara manual dengan menulis frase pemulihan."}},"done":{"title":{"uk":"Ручне резервне копіювання увімкнено","ru":"Резервная копия сделана","en":"Manual Backup On","id":"Cadangan Manual Aktif"},"subtitle":{"uk":"Останнє %@","ru":"Последняя %@","en":"Last backup %@","id":"Cadangan terakhir %@"}},"manually":{"button":{"uk":"Створити резервну копію вручну","ru":"Сделать копию вручную","en":"Back Up Manually","id":"Cadangkan Secara Manual"}},"show_phrase":{"title":{"uk":"Показати ключ відновлення","ru":"Показать секретный ключ","en":"Show Recovery Phrase","id":"Tampilkan Frasa Pemulihan"}}},"security":{"title":{"uk":"Безпека","ru":"Безопасность","en":"Security","id":"Keamanan"},"use":{"uk":"Використовувати %@","ru":"Использовать %@","en":"Use %@","id":"Gunakan %@"},"change_passcode":{"uk":"Змінити пін-код","ru":"Поменять пин-код","en":"Change Passcode","id":"Ubah kode sandi"},"unavailable_error":{"uk":"Біометрія недоступна","ru":"Биометрия недоступна","en":"Biometry unavailable","id":"Biometri tidak tersedia"},"use_biometry_description":{"uk":"Ви завжди можете розблокувати гаманець за допомогою пароля","ru":"Вы всегда можете разблокировать кошелёк\\nс помощью пин-кода","en":"You can always unlock your wallet with a passcode.","id":"Anda selalu dapat membuka dompet Anda dengan kode sandi."}},"wallet_buttons":{"send":{"uk":"Відправити","ru":"Отправить","en":"Send","id":"Kirim"},"receive":{"uk":"Отримати","ru":"Получить","en":"Receive","id":"Terima"},"scan":{"uk":"Сканувати","ru":"Сканировать","en":"Scan","id":"Pindai"},"buy":{"uk":"Купити TON","ru":"Купить TON","en":"Buy TON","id":"Beli TON"},"swap":{"uk":"Обміняти","ru":"Обменять","en":"Swap","id":"Tukar"},"stake":{"uk":"Застейкати","ru":"Застейкать","en":"Stake","id":"Stake"}},"send":{"title":{"uk":"Відправити","ru":"Отправить","en":"Send","id":"Kirim"},"recepient":{"placeholder":{"uk":"Адрес або ім'я","ru":"Адрес или имя","en":"Address or name","id":"Alamat atau nama"}},"amount":{"placeholder":{"uk":"Сума","ru":"Сумма","en":"Amount","id":"Jumlah"}},"comment":{"placeholder":{"uk":"Коментар","ru":"Комментарий","en":"Comment","id":"Komentar"},"description":{"uk":"Буде видно всім.","ru":"Будет виден всем.","en":"Will be visible to everyone.","id":"Akan terlihat oleh semua orang."}},"required_comment":{"placeholder":{"uk":"Обов'язковий коментар","ru":"Комментарий","en":"Required comment","id":"Komentar wajib"},"description":{"uk":"Обов'язково вкажіть примітку або тег під час відправки на біржу.","ru":"Обязательно укажите memo или тег при отправке на биржу.","en":"You must include the note from the exchange for transfer. Without it your funds will be lost.","id":"Anda harus menyertakan catatan dari bursa untuk transfer. Tanpanya, dana Anda akan hilang."}}},"confirm_send":{"token_transfer":{"title":{"uk":"Підтвердити дію","ru":"Подтвердить действие","en":"Confirm action","id":"Konfirmasi tindakan"},"transfer":{"uk":"Переказ %@","ru":"Отправка %@","en":"Transfer %@","id":"Transfer %@"}},"fee":{"uk":"Комісія","ru":"Комиссия","en":"Fee","id":"Biaya"},"wallet":{"uk":"Гаманець","ru":"Кошелёк","en":"Wallet","id":"Dompet"},"amount":{"uk":"Сума","ru":"Сумма","en":"Amount","id":"Jumlah"},"comment":{"uk":"Коментар","ru":"Комментарий","en":"Comment","id":"Komentar"},"recipient":{"title":{"uk":"Отримувач","ru":"Получатель","en":"Recipient","id":"Penerima"},"address":{"uk":"Адреса одержувача","ru":"Адрес получателя","en":"Recipient address","id":"Alamat penerima"}},"confirm_button":{"uk":"Підтвердити і відправити","ru":"Подтвердить и отправить","en":"Confirm and send","id":"Konfirmasi dan kirim"}},"customize_wallet":{"title":{"uk":"Налаштуй свій гаманець","ru":"Кастомизируйте свой кошелёк","en":"Customize your Wallet","id":"Sesuaikan Dompet Anda"},"description":{"uk":"Назва та іконка гаманця зберігаються локально на вашому пристрої.","ru":"Имя и иконка кошелька хранятся локально на вашем устройстве.","en":"Wallet name and icon are stored locally on your device.","id":"Nama dan ikon dompet disimpan secara lokal di perangkat Anda."},"input_placeholder":{"uk":"Ім'я гаманця","ru":"Имя кошелька","en":"Wallet Name","id":"Nama Dompet"},"default_wallet_name":{"uk":"Гаманець","ru":"Кошелёк","en":"Wallet","id":"Dompet"}},"connection_status":{"updating":{"uk":"Оновлення","ru":"Обновление","en":"Updating","id":"Memperbarui"},"no_internet":{"uk":"Немає з'єднання з інтернетом","ru":"Нет сети","en":"No Internet connection","id":"Tidak ada sambungan Internet"},"updated_at":{"uk":"Оновлено %@","ru":"Обновлено %@","en":"Updated %@","id":"Diperbarui %@"}},"token":{"unverified":{"uk":"Неперевірений токен","ru":"Непроверенный токен","en":"Unverified token","id":"Token belum diverifikasi"}},"onboarding":{"caption":{"uk":"Створіть новий гаманець або додайте існуючий","ru":"Создайте новый или подключите существующий кошелёк","en":"Create a new wallet or add an existing one","id":"Buat dompet baru atau tambahkan yang sudah ada"},"buttons":{"create_new":{"uk":"Створити новий гаманець","ru":"Создать новый кошелёк","en":"Create New Wallet","id":"Buat Dompet Baru"},"import_existing":{"uk":"Імпортувати існуючий гаманець","ru":"Подключить существующий","en":"Import Existing Wallet","id":"Impor Dompet yang Ada"}}},"passcode":{"create":{"uk":"Створити код доступу","ru":"Задайте новый пин-код","en":"Create passcode","id":"Buat kata sandi"},"reenter":{"uk":"Введіть пароль ще раз","ru":"Введите пин-код ещё раз","en":"Re-enter passcode","id":"Masukkan kembali kode sandi"},"enter":{"uk":"Введіть пін-код","ru":"Введите пин-код","en":"Enter passcode","id":"Masukkan kode sandi"}},"import_wallet":{"title":{"uk":"Введіть секретний ключ","ru":"Введите секретный ключ","en":"Enter recovery phrase","id":"Masukkan frasa pemulihan"},"description":{"uk":"Коли ви створили цей гаманець, ви отримали фразу відновлення з 24 слів. Введіть її, щоб відновити доступ до свого гаманця.","ru":"Чтобы восстановить доступ, введите 24 секретных слова, которые вы получили при создании кошелька.","en":"When you created this wallet, you got a 24-word recovery phrase. Enter it to restore access to your wallet.","id":"Saat Anda membuat dompet ini, Anda mendapatkan frasa pemulihan 24 kata. Masukkan itu untuk mengembalikan akses ke dompet Anda."}},"choose_wallets":{"title":{"uk":"Виберіть гаманці","ru":"Выберите кошельки","en":"Choose Wallets","id":"Pilih Dompet"},"description":{"uk":"Оберіть гаманці, які ви хочете додати.","ru":"Выберите кошельки, которые вы хотите добавить.","en":"Choose wallets you want to add.","id":"Pilih dompet yang ingin Anda tambahkan."},"tokens":{"uk":"токени","ru":"токены","en":"tokens","id":"token"}},"finish_setup":{"title":{"uk":"Завершити налаштування","ru":"Завершить установку","en":"Finish setting up","id":"Selesaikan pengaturan"},"setup_biometry":{"uk":"Увімкніть %@ для підтвердження транзакцій","ru":"Включите %@ для подтверждения транзакций","en":"Use %@ to approve transactions","id":"Gunakan %@ untuk menyetujui transaksi"},"biometry_unavailable":{"uk":"Біометрія недоступна","ru":"Биометрия недоступна","en":"Biometry unavailable","id":"Biometri tidak tersedia"},"backup":{"uk":"Створіть резервну копію фрази для відновлення гаманця","ru":"Создайте резервную копию секретного ключа кошелька","en":"Back up the wallet recovery phrase","id":"Buat cadangan frasa pemulihan dompet"}},"wallets_list":{"title":{"uk":"Список гаманців","ru":"Кошельки","en":"Wallets list","id":"Daftar dompet"},"add_wallet":{"uk":"Додати гаманець","ru":"Добавить кошелёк","en":"Add Wallet","id":"Tambahkan Dompet"}},"add_wallet":{"title":{"uk":"Додати гаманець","ru":"Добавить кошелёк","en":"Add Wallet","id":"Tambahkan Dompet"},"description":{"uk":"Створіть новий гаманець або додайте наявний.","ru":"Создайте новый кошелёк или добавьте существующий.","en":"Create a new wallet or add an existing one.","id":"Buat dompet baru atau tambahkan yang sudah ada."},"items":{"new_wallet":{"title":{"uk":"Новий гаманець","ru":"Новый кошелёк","en":"New Wallet","id":"Dompet Baru"},"subtitle":{"uk":"Створити новий гаманець","ru":"Создать новый кошелёк","en":"Create new wallet","id":"Buat dompet baru"}},"existing_wallet":{"title":{"uk":"Існуючий гаманець","ru":"Существующий кошелёк","en":"Existing Wallet","id":"Dompet yang Ada"},"subtitle":{"uk":"Імпортуйте гаманець за допомогою 24 секретних слів відновлення","ru":"Добавить кошелёк с помощью секретного ключа из 24 слов","en":"Import wallet with a 24 secret recovery words","id":"Impor dompet dengan 24 kata-kata pemulihan rahasia"}},"watch_only":{"title":{"uk":"Акаунт для перегляду","ru":"Аккаунт для просмотра","en":"Watch Account","id":"Akun Tontonan"},"subtitle":{"uk":"Для моніторингу активності гаманця без введення секретної фрази","ru":"Для отслеживания активности кошелька без ввода секретного ключа","en":"For monitor wallet activity without recovery phrase","id":"Untuk memantau aktivitas dompet tanpa frasa pemulihan"}},"testnet":{"title":{"uk":"Тестова мережа Аккаунт","en":"Testnet Account","id":"Akun Testnet"},"subtitle":{"uk":"Імпортуйте гаманець за допомогою 24 секретних слів для відновлення в Testnet","en":"Import wallet with a 24 secret recovery words to Testnet","id":"Impor dompet dengan 24 kata pemulihan rahasia ke Testnet"}},"pair_signer":{"title":{"uk":"З'єднати Signer","ru":"Пара для Signer","en":"Pair Signer","id":"Pasangkan Signer"},"subtitle":{"uk":"Вищий рівень контролю та безпеки","ru":"Более высокий уровень контроля и безопасности","en":"A higher level of control and security","id":"Tingkat kendali dan keamanan yang lebih tinggi"}},"pair_ledger":{"title":{"uk":"Підключити Ledger","ru":"Подключить Ledger","en":"Pair with Ledger","id":"Hubungkan Ledger"},"subtitle":{"uk":"Апаратний модуль, Bluetooth, обмежені функції TON","ru":"Аппаратный модуль, Bluetooth, ограниченные функции TON","en":"Hardware module, Bluetooth, limited TON features","id":"Modul perangkat keras, Bluetooth, fitur TON terbatas"}}}},"scanner":{"title":{"uk":"Скануйте QR-код","ru":"Отсканируйте QR-код","en":"Scan QR code","id":"Pindai kode QR"}},"signer":{"scan":{"subtitle":{"uk":"Відкрийте Signer » Виберіть потрібний ключ » Відскануйте QR-код","ru":"Откройте Signer » Выберите нужный ключ » Отсканируйте QR-код","en":"Open Signer » Select the required key » Scan QR code","id":"Buka Signer » Pilih kunci yang diperlukan » Pindai kode QR"},"open_signer_button":{"uk":"Відкрити Signer на цьому пристрої","ru":"Открыть Signer на этом устройстве","en":"Open Signer on this device","id":"Buka Signer di perangkat ini"}}},"chart":{"price":{"uk":"Ціна","ru":"Цена","en":"Price","id":"Harga"}},"periods":{"hour":{"uk":"Г","ru":"Ч","en":"H","id":"J"},"day":{"uk":"Д","ru":"Д","en":"D","id":"H"},"week":{"uk":"Т","ru":"Н","en":"W","id":"M"},"month":{"uk":"М","ru":"М","en":"M","id":"B"},"half_year":{"uk":"6М","ru":"6М","en":"6M","id":"6B"},"year":{"uk":"Р","ru":"Г","en":"Y","id":"T"}},"wallet_tags":{"watch_only":{"uk":"Тільки перегляд","ru":"Просмотр","en":"Watch only","id":"Hanya melihat"}},"receive":{"title":{"uk":"Отримати %@","ru":"Получить %@","en":"Receive %@","id":"Terima %@"},"description":{"uk":"Відправляйте на цю адресу тільки %@ та токени в мережі TON, інакше ви можете втратити свої кошти.","ru":"Отправляйте на этот адрес только %@ и токены в сети TON, иначе вы можете потерять свои средства.","en":"Send only %@ and tokens in TON network to this address, or you might lose your funds.","id":"Kirim hanya %@ dan token di jaringan TON ke alamat ini, atau Anda mungkin kehilangan dana Anda."}},"watch_account":{"title":{"uk":"Акаунт для перегляду","ru":"Аккаунт для просмотра","en":"Watch Account","id":"Akun Tonton"},"description":{"uk":"Відслідковуйте активність гаманця без фрази відновлення. Ви будете отримувати сповіщення про будь-які транзакції з цього гаманця.","ru":"Отслеживайте активность, получайте уведомления о транзакциях этого кошелька без ввода секретного ключа.","en":"Monitor wallet activity without recovery phrase. You will be notified of any transactions from this wallet.","id":"Pantau aktivitas dompet tanpa frasa pemulihan. Anda akan menerima pemberitahuan tentang transaksi apa pun dari dompet ini."},"placeholder":{"uk":"Адрес або ім'я","ru":"Адрес или имя","en":"Address or name","id":"Alamat atau nama"}},"action_types":{"future":{"send":{"uk":"Відправити","ru":"Отправить","en":"Send","id":"Kirim"},"receive":{"uk":"Отримати","ru":"Получить","en":"Receive","id":"Terima"}},"sent":{"uk":"Відправлено","ru":"Отправлено","en":"Sent","id":"Terkirim"},"received":{"uk":"Отримано","ru":"Получено","en":"Received","id":"Diterima"},"stake":{"uk":"Ставка","ru":"Депозит","en":"Stake","id":"Pasak"},"unstake":{"uk":"Виведення ставок","ru":"Вывод","en":"Unstake","id":"Tarik taruhan"},"unstake_request":{"uk":"Запит на відв'язку","ru":"Запрос на вывод","en":"Unstake Request","id":"Permintaan Pemutusan"},"swap":{"uk":"Заміна","ru":"Обмен","en":"Swap","id":"Tukar"},"spam":{"uk":"Спам","ru":"Спам","en":"Spam","id":"Spam"},"bounced":{"uk":"Повернено","ru":"Возвращено","en":"Bounced","id":"Dikembalikan"},"subscribed":{"uk":"Підписка","ru":"Подписка","en":"Subscribed","id":"Langganan"},"unsubscribed":{"uk":"Відписка","ru":"Отмена подписки","en":"Unsubscribed","id":"Berhenti berlangganan"},"contract_exec":{"uk":"Виклик контракту","ru":"Вызов контракта","en":"Call contract","id":"Panggilan kontrak"},"nft_collection_deploy":{"uk":"Створення колекції NFT","ru":"Создание контракта","en":"NFT сollection creation","id":"Penciptaan Koleksi NFT"},"nft_deploy":{"uk":"Створення NFT","ru":"Создание контракта","en":"NFT creation","id":"Pembuatan NFT"},"nft_sale_removal":{"uk":"Видалення з продажу","ru":"Сбор с продажи","en":"Removal from sale","id":"Penghapusan dari penjualan"},"nft_purchase":{"uk":"Покупка NFT","ru":"Покупка NFT","en":"NFT purchase","id":"Pembelian NFT"},"bid":{"uk":"Ставка","ru":"Ставка","en":"Bid","id":"Tawaran"},"put_up_auction":{"uk":"Виставити на аукціон","ru":"Начало аукциона","en":"Put up for auction","id":"Pasang lelang"},"end_auction":{"uk":"Завершення аукціону","ru":"Завершение аукциона","en":"End of auction","id":"Akhir lelang"},"domain_renew":{"uk":"Оновлення домену","ru":"Продление домена","en":"Renew Domain","id":"Perpanjang Domain"},"unknown":{"uk":"Невідомо","ru":"Неизвестно","en":"Unknown","id":"Tidak diketahui"},"wallet_initialize":{"uk":"Гаманець ініціалізовано","ru":"Кошелёк инициализирован","en":"Wallet initialized","id":"Dompet diinisialisasi"}},"ledger_connect":{"title":{"uk":"Підключити Ledger","ru":"Подключить Ledger","en":"Connect Ledger","id":"Hubungkan Ledger"},"steps":{"bluetooth_connect":{"description":{"uk":"Підключіть Ledger до вашого пристрою через Bluetooth","en":"Connect Ledger to your device via Bluetooth","id":"Sambungkan Ledger ke perangkat Anda melalui Bluetooth"}},"ton_app":{"description":{"uk":"Розблокуйте і відкрийте додаток TON","en":"Unlock it and open TON App","id":"Buka kunci dan buka aplikasi TON"},"link":{"uk":"Встановіть додаток TON","en":"Install TON App","id":"Instal Aplikasi TON"}}},"items":{"bluetooth_connect":{"description":{"uk":"Підключіть Ledger до свого пристрою за допомогою Bluetooth","ru":"Подключите Ledger к своему устройству с помощью Bluetooth","id":"Hubungkan Ledger ke perangkat Anda menggunakan Bluetooth"}},"ton_app":{"description":{"uk":"Розблокуйте його та відкрийте додаток TON","ru":"Разблокируйте его и откройте приложение TON","id":"Buka kunci dan buka aplikasi TON"},"link":{"uk":"Встановити застосунок","ru":"Установить приложение","id":"Instal aplikasi"}}}},"ledger_confirm":{"title":{"uk":"Підтвердити дію","ru":"Подтвердить действие","en":"Confirm Action","id":"Konfirmasi Tindakan"},"steps":{"bluetooth_connect":{"description":{"uk":"Підключіть Ledger до вашого пристрою через Bluetooth","en":"Connect Ledger to your device via Bluetooth","id":"Sambungkan Ledger ke perangkat Anda melalui Bluetooth"}},"ton_app":{"description":{"uk":"Розблокуйте його та відкрийте додаток TON","en":"Unlock it and open TON App","id":"Buka kunci dan buka aplikasi TON"}},"confirm":{"description":{"uk":"Підтвердіть вашу транзакцію на Ledger","en":"Confirm your transaction on Ledger","id":"Konfirmasikan transaksi Anda di Ledger"}}},"items":{"bluetooth_connect":{"description":{"uk":"Підключіть Ledger до свого пристрою за допомогою Bluetooth","ru":"Подключите Ledger к своему устройству с помощью Bluetooth","id":"Hubungkan Ledger ke perangkat Anda menggunakan Bluetooth"}},"ton_app":{"description":{"uk":"Розблокуйте його і відкрийте додаток TON","ru":"Разблокируйте его и откройте приложение TON","id":"Buka kunci dan buka aplikasi TON"}},"confirm":{"uk":"Підтвердьте транзакцію у Ledger","ru":"Подтвердите транзакцию в Ledger","id":"Konfirmasi transaksi di Ledger"}}},"sign_out_full":{"title":{"uk":"🚧 🚨🚨🚨 🚧\\nВийти з усіх гаманців?","ru":"🚧 🚨🚨🚨 🚧\\nВыйти из всех кошельков?","en":"🚧 🚨🚨🚨 🚧\\nSign Out of All Wallets?","id":"🚧 🚨🚨🚨 🚧\\\\nKeluar dari Semua Dompet?"},"description":{"uk":"Це видалить ключі до всіх гаманців. Переконайтеся, що ви зберегли резервні фрази для відновлення.","ru":"Доступ к кошелькам будет отключён. Убедитесь, что вы сохранили все секретные ключи.","en":"This will erase keys to all wallets. Make sure you have backed up your recovery phrases.","id":"Ini akan menghapus kunci untuk semua dompet. Pastikan Anda telah mencadangkan frasa pemulihan Anda."}}}