{"actions":{"copied":{"en":"Copied","ru":"Скопировано","uk":"Скопійовано"},"delete":{"en":"Delete","ru":"Удалить","uk":"Видалити"},"cancel":{"en":"Cancel","ru":"Отмена","uk":"Відмінити"},"save":{"en":"Save","ru":"Сохранить","uk":"Зберегти"},"paste":{"en":"Paste","ru":"Вставить","uk":"Вставити"},"continue_action":{"en":"Continue","ru":"Продолжить","uk":"Продовжити"},"done":{"en":"Done","ru":"Готово","uk":"Виконано"},"edit":{"en":"Edit","ru":"Изменить","uk":"Редагувати"},"copy":{"en":"Copy","ru":"Скопировать","uk":"Копіювати"},"sign_out":{"en":"Sign Out","ru":"Выйти","uk":"Вийти"}},"dates":{"today":{"en":"Today","ru":"Сегодня","uk":"Сьогодні"},"yesterday":{"en":"Yesterday","ru":"Вчера","uk":"Вчора"}},"tabs":{"wallet":{"en":"Wallet","ru":"Кошелёк","uk":"Гаманець"},"history":{"en":"History","ru":"История","uk":"Історія"},"browser":{"en":"Browser","ru":"Браузер","uk":"Браузер"},"purchases":{"en":"Purchases","ru":"Покупки","uk":"Покупки"}},"camera_permission":{"title":{"en":"Enable access to your camera in order to can scan QR codes","ru":"Разрешите доступ к камере, чтобы сканировать QR-коды","uk":"Дозвольте доступ до камери, щоб сканувати QR-коди"},"button":{"en":"Open Settings","ru":"Открыть настройки","uk":"Відкрити налаштування"}},"purchases":{"title":{"en":"Purchases","ru":"Покупки","uk":"Покупки"},"empty_placeholder":{"en":"Your collectibles\\nwill be shown here","ru":"Ваши покупки\\nпоявятся здесь","uk":"Ваші колекційні предмети\\\\nз'являться тут"}},"history":{"title":{"en":"History","ru":"История","uk":"Історія"},"placeholder":{"title":{"en":"Your history\\nwill be shown here","ru":"Ваша история\\nбудет показана здесь","uk":"Ваша історія\\\\nбуде показана тут"},"subtitle":{"en":"Make your first transaction!","ru":"Совершите первую транзакцию!","uk":"Здійсніть першу транзакцію!"},"buttons":{"receive":{"en":"Receive","ru":"Получить","uk":"Отримати"},"buy":{"en":"Buy Toncoin","ru":"Купить Toncoin","uk":"Купити Toncoin"}}}},"browser":{"tab":{"explore":{"en":"Explore","ru":"Витрина","uk":"Вітрина"},"connected":{"en":"Connected","ru":"Подключенные","uk":"Підключені"}},"list":{"all":{"en":"All","ru":"Все","uk":"Усі"}},"search_field":{"placeholder":{"en":"Search or enter address","ru":"Поиск","uk":"Пошук або введіть адресу"}},"search":{"title":{"en":"Browser","ru":"Браузер","uk":"Браузер"},"placeholder":{"en":"Enter an address or search the web","ru":"Введите адрес или начните поиск","uk":"Введіть адресу або здійсніть пошук в Інтернеті"}}},"event_details":{"received":{"en":"Received","ru":"Получено","uk":"Отримано"},"sent":{"en":"Sent","ru":"Отправлено","uk":"Відправлено"},"recipient":{"en":"Recipient","ru":"Получатель","uk":"Отримувач"},"sender":{"en":"Sender","ru":"Отправитель","uk":"Відправник"},"fee":{"en":"Fee","ru":"Комиссия","uk":"Комісія"},"comment":{"en":"Comment","ru":"Комментарий","uk":"Коментарій"},"sender_address":{"en":"Sender address","ru":"Адрес отправителя","uk":"Адрес відправника"},"recipient_address":{"en":"Recipient address","ru":"Адрес получателя","uk":"Адрес одержувача"},"sent_on":{"en":"Sent on %@","ru":"Отправлено %@","uk":"Відправлено %@"},"received_on":{"en":"Received on %@","ru":"Получено %@","uk":"Отримано %@"},"transaction":{"en":"Transaction","ru":"Транзакция","uk":"Транзакція"}},"settings":{"title":{"en":"Settings","ru":"Настройки","uk":"Налаштування"},"items":{"security":{"en":"Security","ru":"Безопасность","uk":"Безпека"},"backup":{"en":"Backup","ru":"Резервная копия","uk":"Резервна копія"},"currency":{"en":"Currency","ru":"Валюта","uk":"Валюта"},"theme":{"en":"Theme","ru":"Тема","uk":"Тема"},"logout":{"en":"Sign out","ru":"Выйти","uk":"Вийти"},"support":{"en":"Support","ru":"Поддержка","uk":"Підтримка"},"tk_news":{"en":"Tonkeeper news","ru":"Новости Tonkeeper","uk":"Новини Tonkeeper"},"contact_us":{"en":"Contact us","ru":"Написать команде","uk":"Зв'яжіться з нами"},"rate":{"en":"Rate Tonkeeper X","ru":"Оценить Tonkeeper X","uk":"Оцінити Tonkeeper X"},"legal":{"en":"Legal","ru":"Юридические документы","uk":"Юридичні документи"},"delete_account":{"en":"Delete account","ru":"Удалить аккаунт","uk":"Видалити акаунт"},"setup_wallet_description":{"en":"Edit name and color","ru":"Кастомизировать","uk":"Редагувати ім'я та колір"}},"logout":{"title":{"en":"Log out?","ru":"Выйти?","uk":"Вийти?"},"description":{"en":"This will erase keys to the wallets. Make sure you have backed up your secret recovery phrases.","ru":"Доступ к кошелькам будет отключён. Убедитесь, что вы сохранили все секретные ключи.","uk":"Це видалить ключі до гаманців. Переконайтеся, що ви зберегли свої секретні фрази відновлення."}}},"theme":{"title":{"en":"Theme","ru":"Тема","uk":"Тема"},"options":{"system":{"en":"System","ru":"Системная","uk":"Система"},"dark":{"en":"Dark","ru":"Тёмная","uk":"Темна"},"blue":{"en":"Blue","ru":"Голубая","uk":"Синя"}}},"currency":{"title":{"en":"Primary currency","ru":"Основная валюта","uk":"Основна валюта"},"items":{"jpy":{"en":"Japanese Yen","ru":"Японская йена","uk":"Японська єна"},"usd":{"en":"United States Dollar","ru":"Доллар США","uk":"Долар США"},"eur":{"en":"Euro","ru":"Евро","uk":"Євро"},"rub":{"en":"Russian Ruble","ru":"Российский рубль","uk":"Російський рубль"},"aed":{"en":"United Arab Emirates Dirham","ru":"Дирхам ОАЭ","uk":"Дирхам ОАЕ"},"kzt":{"en":"Kazakhstani Tenge","ru":"Казахский тенге","uk":"Казахстанський тенге"},"uah":{"en":"Ukrainian hryvnian","ru":"Украинская гривна","uk":"Українська гривня"},"gbp":{"en":"Great Britain Pound","ru":"Фунт стерлингов","uk":"Фунт стерлінгів"},"chf":{"en":"Swiss Franc","ru":"Швейцарский франк","uk":"Швейцарський франк"},"cny":{"en":"China Yuan","ru":"Китайский юань","uk":"Китайський юань"},"krw":{"en":"South Korean Won","ru":"Южнокорейская вона","uk":"Південнокорейська вона"},"idr":{"en":"Indonesian Rupiah","ru":"Индонезийская рупия","uk":"Індонезійська рупія"},"inr":{"en":"Indian Rupee","ru":"Индийская рупия","uk":"Індійська рупія"}}},"backup":{"title":{"en":"Backup","ru":"Резервная копия","uk":"Резервна копія"},"information":{"title":{"en":"Manual","ru":"Вручную","uk":"Ручний"},"subtitle":{"en":"Back up your wallet manually by writing down the recovery phrase.","ru":"Создайте резервную копию своего кошелька вручную, записав секретный ключ.","uk":"Створіть резервну копію свого гаманця вручну, записавши фразу для відновлення."}},"done":{"title":{"en":"Manual Backup On","ru":"Резервная копия сделана","uk":"Ручне резервне копіювання увімкнено"},"subtitle":{"en":"Last backup %@","ru":"Последняя %@","uk":"Останнє %@"}},"manually":{"button":{"en":"Back Up Manually","ru":"Сделать копию вручную","uk":"Створити резервну копію вручну"}},"show_phrase":{"title":{"en":"Show Recovery Phrase","ru":"Показать секретный ключ","uk":"Показати ключ відновлення"}}},"security":{"title":{"en":"Security","ru":"Безопасность","uk":"Безпека"},"use":{"en":"Use %@","ru":"Использовать %@","uk":"Використовувати %@"},"change_passcode":{"en":"Change Passcode","ru":"Поменять пин-код","uk":"Змінити пін-код"},"unavailable_error":{"en":"Biometry unavailable","ru":"Биометрия недоступна","uk":"Біометрія недоступна"},"use_biometry_description":{"en":"You can always unlock your wallet with a passcode.","ru":"Вы всегда можете разблокировать кошелёк\\nс помощью пин-кода","uk":"Ви завжди можете розблокувати гаманець за допомогою пароля"}},"wallet_buttons":{"send":{"en":"Send","ru":"Отправить","uk":"Відправити"},"receive":{"en":"Receive","ru":"Получить","uk":"Отримати"},"scan":{"en":"Scan","ru":"Сканировать","uk":"Сканувати"},"buy":{"en":"Buy TON","ru":"Купить TON","uk":"Купити TON"},"swap":{"en":"Swap","ru":"Обменять","uk":"Обміняти"},"stake":{"en":"Stake","ru":"Застейкать","uk":"Застейкати"}},"send":{"title":{"en":"Send","ru":"Отправить","uk":"Відправити"},"recepient":{"placeholder":{"en":"Address or name","ru":"Адрес или имя","uk":"Адрес або ім'я"}},"amount":{"placeholder":{"en":"Amount","ru":"Сумма","uk":"Сума"}},"comment":{"placeholder":{"en":"Comment","ru":"Комментарий","uk":"Коментар"},"description":{"en":"Will be visible to everyone.","ru":"Будет виден всем.","uk":"Буде видно всім."}},"required_comment":{"placeholder":{"en":"Required comment","ru":"Комментарий","uk":"Обов'язковий коментар"},"description":{"en":"You must include the note from the exchange for transfer. Without it your funds will be lost.","ru":"Обязательно укажите memo или тег при отправке на биржу.","uk":"Обов'язково вкажіть примітку або тег під час відправки на біржу."}}},"confirm_send":{"token_transfer":{"title":{"en":"Confirm action","ru":"Подтвердить действие","uk":"Підтвердити дію"},"transfer":{"en":"Transfer %@","ru":"Отправка %@","uk":"Переказ %@"}},"fee":{"en":"Fee","ru":"Комиссия","uk":"Комісія"},"wallet":{"en":"Wallet","ru":"Кошелёк","uk":"Гаманець"},"amount":{"en":"Amount","ru":"Сумма","uk":"Сума"},"comment":{"en":"Comment","ru":"Комментарий","uk":"Коментар"},"recipient":{"title":{"en":"Recipient","ru":"Получатель","uk":"Отримувач"},"address":{"en":"Recipient address","ru":"Адрес получателя","uk":"Адреса одержувача"}},"confirm_button":{"en":"Confirm and send","ru":"Подтвердить и отправить","uk":"Підтвердити і відправити"}},"customize_wallet":{"title":{"en":"Customize your Wallet","ru":"Кастомизируйте свой кошелёк","uk":"Налаштуй свій гаманець"},"description":{"en":"Wallet name and icon are stored locally on your device.","ru":"Имя и иконка кошелька хранятся локально на вашем устройстве.","uk":"Назва та іконка гаманця зберігаються локально на вашому пристрої."},"input_placeholder":{"en":"Wallet Name","ru":"Имя кошелька","uk":"Ім'я гаманця"},"default_wallet_name":{"en":"Wallet","ru":"Кошелёк","uk":"Гаманець"}},"connection_status":{"updating":{"en":"Updating","ru":"Обновление","uk":"Оновлення"},"no_internet":{"en":"No Internet connection","ru":"Нет сети","uk":"Немає з'єднання з інтернетом"},"updated_at":{"en":"Updated %@","ru":"Обновлено %@","uk":"Оновлено %@"}},"token":{"unverified":{"en":"Unverified token","ru":"Непроверенный токен","uk":"Неперевірений токен"}},"onboarding":{"caption":{"en":"Create a new wallet or add an existing one","ru":"Создайте новый или подключите существующий кошелёк","uk":"Створіть новий гаманець або додайте існуючий"},"buttons":{"create_new":{"en":"Create New Wallet","ru":"Создать новый кошелёк","uk":"Створити новий гаманець"},"import_existing":{"en":"Import Existing Wallet","ru":"Подключить существующий","uk":"Імпортувати існуючий гаманець"}}},"passcode":{"create":{"en":"Create passcode","ru":"Задайте новый пин-код","uk":"Створити код доступу"},"reenter":{"en":"Re-enter passcode","ru":"Введите пин-код ещё раз","uk":"Введіть пароль ще раз"},"enter":{"en":"Enter passcode","ru":"Введите пин-код","uk":"Введіть пін-код"}},"import_wallet":{"title":{"en":"Enter recovery phrase","ru":"Введите секретный ключ","uk":"Введіть секретний ключ"},"description":{"en":"When you created this wallet, you got a 24-word recovery phrase. Enter it to restore access to your wallet.","ru":"Чтобы восстановить доступ, введите 24 секретных слова, которые вы получили при создании кошелька.","uk":"Коли ви створили цей гаманець, ви отримали фразу відновлення з 24 слів. Введіть її, щоб відновити доступ до свого гаманця."}},"choose_wallets":{"title":{"en":"Choose Wallets","ru":"Выберите кошельки","uk":"Виберіть гаманці"},"description":{"en":"Choose wallets you want to add.","ru":"Выберите кошельки, которые вы хотите добавить.","uk":"Оберіть гаманці, які ви хочете додати."},"tokens":{"en":"tokens","ru":"токены","uk":"токени"}},"finish_setup":{"title":{"en":"Finish setting up","ru":"Завершить установку","uk":"Завершити налаштування"},"setup_biometry":{"en":"Use %@ to approve transactions","ru":"Включите %@ для подтверждения транзакций","uk":"Увімкніть %@ для підтвердження транзакцій"},"biometry_unavailable":{"en":"Biometry unavailable","ru":"Биометрия недоступна","uk":"Біометрія недоступна"},"backup":{"en":"Back up the wallet recovery phrase","ru":"Создайте резервную копию секретного ключа кошелька","uk":"Створіть резервну копію фрази для відновлення гаманця"}},"wallets_list":{"title":{"en":"Wallets list","ru":"Кошельки","uk":"Список гаманців"},"add_wallet":{"en":"Add Wallet","ru":"Добавить кошелёк","uk":"Додати гаманець"}},"add_wallet":{"title":{"en":"Add Wallet","ru":"Добавить кошелёк","uk":"Додати гаманець"},"description":{"en":"Create a new wallet or add an existing one.","ru":"Создайте новый кошелёк или добавьте существующий.","uk":"Створіть новий гаманець або додайте наявний."},"items":{"new_wallet":{"title":{"en":"New Wallet","ru":"Новый кошелёк","uk":"Новий гаманець"},"subtitle":{"en":"Create new wallet","ru":"Создать новый кошелёк","uk":"Створити новий гаманець"}},"existing_wallet":{"title":{"en":"Existing Wallet","ru":"Существующий кошелёк","uk":"Існуючий гаманець"},"subtitle":{"en":"Import wallet with a 24 secret recovery words","ru":"Добавить кошелёк с помощью секретного ключа из 24 слов","uk":"Імпортуйте гаманець за допомогою 24 секретних слів відновлення"}},"watch_only":{"title":{"en":"Watch Account","ru":"Аккаунт для просмотра","uk":"Акаунт для перегляду"},"subtitle":{"en":"For monitor wallet activity without recovery phrase","ru":"Для отслеживания активности кошелька без ввода секретного ключа","uk":"Для моніторингу активності гаманця без введення секретної фрази"}},"testnet":{"title":{"en":"Testnet Account","uk":"Тестова мережа Аккаунт"},"subtitle":{"en":"Import wallet with a 24 secret recovery words to Testnet","uk":"Імпортуйте гаманець за допомогою 24 секретних слів для відновлення в Testnet"}},"pair_signer":{"title":{"en":"Pair Signer","ru":"Пара для Signer","uk":"З'єднати Signer"},"subtitle":{"en":"A higher level of control and security","ru":"Более высокий уровень контроля и безопасности","uk":"Вищий рівень контролю та безпеки"}},"pair_ledger":{"title":{"en":"Pair with Ledger","ru":"Подключить Ledger","uk":"Підключити Ledger"},"subtitle":{"en":"Hardware module, Bluetooth, limited TON features","ru":"Аппаратный модуль, Bluetooth, ограниченные функции TON","uk":"Апаратний модуль, Bluetooth, обмежені функції TON"}}}},"scanner":{"title":{"en":"Scan QR code","ru":"Отсканируйте QR-код","uk":"Скануйте QR-код"}},"signer":{"scan":{"subtitle":{"en":"Open Signer » Select the required key » Scan QR code","ru":"Откройте Signer » Выберите нужный ключ » Отсканируйте QR-код","uk":"Відкрийте Signer » Виберіть потрібний ключ » Відскануйте QR-код"},"open_signer_button":{"en":"Open Signer on this device","ru":"Открыть Signer на этом устройстве","uk":"Відкрити Signer на цьому пристрої"}}},"chart":{"price":{"en":"Price","ru":"Цена","uk":"Ціна"}},"periods":{"hour":{"en":"H","ru":"Ч","uk":"Г"},"day":{"en":"D","ru":"Д","uk":"Д"},"week":{"en":"W","ru":"Н","uk":"Т"},"month":{"en":"M","ru":"М","uk":"М"},"half_year":{"en":"6M","ru":"6М","uk":"6М"},"year":{"en":"Y","ru":"Г","uk":"Р"}},"wallet_tags":{"watch_only":{"en":"Watch only","ru":"Просмотр","uk":"Тільки перегляд"}},"receive":{"title":{"en":"Receive %@","ru":"Получить %@","uk":"Отримати %@"},"description":{"en":"Send only %@ and tokens in TON network to this address, or you might lose your funds.","ru":"Отправляйте на этот адрес только %@ и токены в сети TON, иначе вы можете потерять свои средства.","uk":"Відправляйте на цю адресу тільки %@ та токени в мережі TON, інакше ви можете втратити свої кошти."}},"watch_account":{"title":{"en":"Watch Account","ru":"Аккаунт для просмотра","uk":"Акаунт для перегляду"},"description":{"en":"Monitor wallet activity without recovery phrase. You will be notified of any transactions from this wallet.","ru":"Отслеживайте активность, получайте уведомления о транзакциях этого кошелька без ввода секретного ключа.","uk":"Відслідковуйте активність гаманця без фрази відновлення. Ви будете отримувати сповіщення про будь-які транзакції з цього гаманця."},"placeholder":{"en":"Address or name","ru":"Адрес или имя","uk":"Адрес або ім'я"}},"action_types":{"future":{"send":{"en":"Send","ru":"Отправить","uk":"Відправити"},"receive":{"en":"Receive","ru":"Получить","uk":"Отримати"}},"sent":{"en":"Sent","ru":"Отправлено","uk":"Відправлено"},"received":{"en":"Received","ru":"Получено","uk":"Отримано"},"stake":{"en":"Stake","ru":"Депозит","uk":"Ставка"},"unstake":{"en":"Unstake","ru":"Вывод","uk":"Виведення ставок"},"unstake_request":{"en":"Unstake Request","ru":"Запрос на вывод","uk":"Запит на відв'язку"},"swap":{"en":"Swap","ru":"Обмен","uk":"Заміна"},"spam":{"en":"Spam","ru":"Спам","uk":"Спам"},"bounced":{"en":"Bounced","ru":"Возвращено","uk":"Повернено"},"subscribed":{"en":"Subscribed","ru":"Подписка","uk":"Підписка"},"unsubscribed":{"en":"Unsubscribed","ru":"Отмена подписки","uk":"Відписка"},"contract_exec":{"en":"Call contract","ru":"Вызов контракта","uk":"Виклик контракту"},"nft_collection_deploy":{"en":"NFT сollection creation","ru":"Создание контракта","uk":"Створення колекції NFT"},"nft_deploy":{"en":"NFT creation","ru":"Создание контракта","uk":"Створення NFT"},"nft_sale_removal":{"en":"Removal from sale","ru":"Сбор с продажи","uk":"Видалення з продажу"},"nft_purchase":{"en":"NFT purchase","ru":"Покупка NFT","uk":"Покупка NFT"},"bid":{"en":"Bid","ru":"Ставка","uk":"Ставка"},"put_up_auction":{"en":"Put up for auction","ru":"Начало аукциона","uk":"Виставити на аукціон"},"end_auction":{"en":"End of auction","ru":"Завершение аукциона","uk":"Завершення аукціону"},"domain_renew":{"en":"Renew Domain","ru":"Продление домена","uk":"Оновлення домену"},"unknown":{"en":"Unknown","ru":"Неизвестно","uk":"Невідомо"},"wallet_initialize":{"en":"Wallet initialized","ru":"Кошелёк инициализирован","uk":"Гаманець ініціалізовано"}},"ledger_connect":{"title":{"en":"Connect Ledger","ru":"Подключить Ledger","uk":"Підключити Ledger"},"steps":{"bluetooth_connect":{"description":{"en":"Connect Ledger to your device via Bluetooth","uk":"Підключіть Ledger до вашого пристрою через Bluetooth"}},"ton_app":{"description":{"en":"Unlock it and open TON App","uk":"Розблокуйте і відкрийте додаток TON"},"link":{"en":"Install TON App","uk":"Встановіть додаток TON"}}},"items":{"bluetooth_connect":{"description":{"ru":"Подключите Ledger к своему устройству с помощью Bluetooth","uk":"Підключіть Ledger до свого пристрою за допомогою Bluetooth"}},"ton_app":{"description":{"ru":"Разблокируйте его и откройте приложение TON","uk":"Розблокуйте його та відкрийте додаток TON"},"link":{"ru":"Установить приложение","uk":"Встановити застосунок"}}}},"ledger_confirm":{"title":{"en":"Confirm Action","ru":"Подтвердить действие","uk":"Підтвердити дію"},"steps":{"bluetooth_connect":{"description":{"en":"Connect Ledger to your device via Bluetooth","uk":"Підключіть Ledger до вашого пристрою через Bluetooth"}},"ton_app":{"description":{"en":"Unlock it and open TON App","uk":"Розблокуйте його та відкрийте додаток TON"}},"confirm":{"description":{"en":"Confirm your transaction on Ledger","uk":"Підтвердіть вашу транзакцію на Ledger"}}},"items":{"bluetooth_connect":{"description":{"ru":"Подключите Ledger к своему устройству с помощью Bluetooth","uk":"Підключіть Ledger до свого пристрою за допомогою Bluetooth"}},"ton_app":{"description":{"ru":"Разблокируйте его и откройте приложение TON","uk":"Розблокуйте його і відкрийте додаток TON"}},"confirm":{"ru":"Подтвердите транзакцию в Ledger","uk":"Підтвердьте транзакцію у Ledger"}}},"sign_out_full":{"title":{"en":"🚧 🚨🚨🚨 🚧\\nSign Out of All Wallets?","ru":"🚧 🚨🚨🚨 🚧\\nВыйти из всех кошельков?","uk":"🚧 🚨🚨🚨 🚧\\\\nВийти з усіх гаманців?"},"description":{"en":"This will erase keys to all wallets. Make sure you have backed up your recovery phrases.","ru":"Доступ к кошелькам будет отключён. Убедитесь, что вы сохранили все секретные ключи.","uk":"Це видалить ключі до всіх гаманців. Переконайтеся, що ви зберегли резервні фрази для відновлення."}}}