{"actions":{"copied":{"uk":"Скопійовано","es":"Copiado","en":"Copied","id":"Tersalin","ru":"Скопировано","uz":"Nusxa olindi"},"delete":{"uk":"Видалити","es":"Eliminar","en":"Delete","id":"Hapus","ru":"Удалить","uz":"O'chirish"},"cancel":{"uk":"Відмінити","es":"Cancelar","en":"Cancel","id":"Batal","ru":"Отмена","uz":"Bekor qilish"},"save":{"uk":"Зберегти","es":"Guardar","en":"Save","id":"Simpan","ru":"Сохранить","uz":"Saqlash"},"paste":{"uk":"Вставити","es":"Pegar","en":"Paste","id":"Tempelkan","ru":"Вставить","uz":"Yopishtirish"},"continue_action":{"uk":"Продовжити","es":"Continuar","en":"Continue","id":"Lanjutkan","ru":"Продолжить","uz":"Davom etish"},"done":{"uk":"Виконано","es":"Hecho","en":"Done","id":"Selesai","ru":"Готово","uz":"Bajarildi"},"edit":{"uk":"Редагувати","es":"Editar","en":"Edit","id":"Edit","ru":"Изменить","uz":"Tahrirlash"},"copy":{"uk":"Копіювати","es":"Copiar","en":"Copy","id":"Salin","ru":"Скопировать","uz":"Nusxa olish"},"sign_out":{"uk":"Вийти","es":"Desconectar","en":"Sign Out","id":"Keluar","ru":"Выйти","uz":"Chiqish"}},"dates":{"today":{"uk":"Сьогодні","es":"Hoy","en":"Today","id":"Hari ini","ru":"Сегодня","uz":"Bugun"},"yesterday":{"uk":"Вчора","es":"Ayer","en":"Yesterday","id":"Kemarin","ru":"Вчера","uz":"Kecha"}},"tabs":{"wallet":{"uk":"Гаманець","es":"Cartera","en":"Wallet","id":"Dompet","ru":"Кошелёк","uz":"Hamyon"},"history":{"uk":"Історія","es":"Historia","en":"History","id":"Riwayat","ru":"История","uz":"Tarix"},"browser":{"uk":"Браузер","es":"Navegador","en":"Browser","id":"Browser","ru":"Браузер","uz":"Brauzer"},"purchases":{"uk":"Покупки","es":"Compras","en":"Purchases","id":"Pembelian","ru":"Покупки","uz":"Xaridlar"}},"camera_permission":{"title":{"uk":"Дозвольте доступ до камери, щоб сканувати QR-коди","es":"Permite el acceso a tu cámara para escanear códigos QR","en":"Enable access to your camera in order to can scan QR codes","id":"Izinkan akses kamera Anda untuk memindai kode QR","ru":"Разрешите доступ к камере, чтобы сканировать QR-коды","uz":"Kamera orqali QR-kodlarni skanerlash uchun ruxsat bering"},"button":{"uk":"Відкрити налаштування","es":"Abrir configuración","en":"Open Settings","id":"Buka Pengaturan","ru":"Открыть настройки","uz":"Sozlamalarni ochish"}},"purchases":{"title":{"uk":"Покупки","es":"Compras","en":"Purchases","id":"Pembelian","ru":"Покупки","uz":"Xaridlar"},"empty_placeholder":{"uk":"Ваші колекційні предмети\\nз'являться тут","es":"Tus coleccionables\\\\naparecerán aquí","en":"Your collectibles\\nwill be shown here","id":"Item koleksi Anda\\\\nakan muncul di sini","ru":"Ваши покупки\\nпоявятся здесь","uz":"Kolleksiyalaringiz bu yerda ko'rsatiladi"}},"history":{"title":{"uk":"Історія","es":"Historia","en":"History","id":"Riwayat","ru":"История","uz":"Tarix"},"placeholder":{"title":{"uk":"Ваша історія\\nбуде показана тут","es":"Tu historial\\\\nse mostrará aquí","en":"Your history\\nwill be shown here","id":"Riwayat Anda\\\\nakan ditampilkan di sini","ru":"Ваша история\\nбудет показана здесь","uz":"Sizning tarixi\\no‘rnatiladi bu yerda"},"subtitle":{"uk":"Здійсніть першу транзакцію!","es":"¡Realice su primera transacción!","en":"Make your first transaction!","id":"Lakukan transaksi pertama Anda!","ru":"Совершите первую транзакцию!","uz":"Birinchi tranzaksiyangizni amalga oshiring!"},"buttons":{"receive":{"uk":"Отримати","es":"Recibir","en":"Receive","id":"Terima","ru":"Получить","uz":"Qabul qilish"},"buy":{"uk":"Купити Toncoin","es":"Comprar Toncoin","en":"Buy Toncoin","id":"Beli Toncoin","ru":"Купить Toncoin","uz":"Toncoin sotib olish"}}}},"browser":{"tab":{"explore":{"uk":"Вітрина","es":"Explorar","en":"Explore","id":"Jelajahi","ru":"Витрина","uz":"Ko‘rish"},"connected":{"uk":"Підключені","es":"Conectados","en":"Connected","id":"Terhubung","ru":"Подключенные","uz":"Ulangan"}},"list":{"all":{"uk":"Усі","es":"Todos","en":"All","id":"Semua","ru":"Все","uz":"Hammasi"}},"search_field":{"placeholder":{"uk":"Пошук або введіть адресу","es":"Buscar o ingresar dirección","en":"Search or enter address","id":"Cari atau masukkan alamat","ru":"Поиск","uz":"Qidiring yoki manzilni kiriting"}},"search":{"title":{"uk":"Браузер","es":"Navegador","en":"Browser","id":"Peramban","ru":"Браузер","uz":"Brauzer"},"placeholder":{"uk":"Введіть адресу або здійсніть пошук в Інтернеті","es":"Ingrese una dirección o busque en la web","en":"Enter an address or search the web","id":"Masukkan alamat atau cari di web","ru":"Введите адрес или начните поиск","uz":"Manzilingizni kiriting yoki veb-qidiruvni boshlang"}}},"event_details":{"received":{"uk":"Отримано","es":"Recibido","en":"Received","id":"Diterima","ru":"Получено","uz":"Qabul qilindi"},"sent":{"uk":"Відправлено","es":"Enviado","en":"Sent","id":"Terkirim","ru":"Отправлено","uz":"Yuborilgan"},"recipient":{"uk":"Отримувач","es":"Destinatario","en":"Recipient","id":"Penerima","ru":"Получатель","uz":"Qabul qiluvchi"},"sender":{"uk":"Відправник","es":"Remitente","en":"Sender","id":"Pengirim","ru":"Отправитель","uz":"Yuboruvchi"},"fee":{"uk":"Комісія","es":"Tasa","en":"Fee","id":"Biaya","ru":"Комиссия","uz":"To‘lov"},"comment":{"uk":"Коментарій","es":"Comentario","en":"Comment","id":"Komentar","ru":"Комментарий","uz":"Izoh"},"sender_address":{"uk":"Адрес відправника","es":"Dirección del remitente","en":"Sender address","id":"Alamat pengirim","ru":"Адрес отправителя","uz":"Yuboruvchi manzili"},"recipient_address":{"uk":"Адрес одержувача","es":"Dirección del destinatario","en":"Recipient address","id":"Alamat penerima","ru":"Адрес получателя","uz":"Qabul qiluvchi manzili"},"sent_on":{"uk":"Відправлено %@","es":"Enviado el %@","en":"Sent on %@","id":"Dikirim pada %@","ru":"Отправлено %@","uz":"Yuborilgan %@"},"received_on":{"uk":"Отримано %@","es":"Recibido %@","en":"Received on %@","id":"Diterima pada %@","ru":"Получено %@","uz":"Qabul qilindi %@"},"transaction":{"uk":"Транзакція","es":"Transacción","en":"Transaction","id":"Transaksi","ru":"Транзакция","uz":"Tranzaksiya"}},"settings":{"title":{"uk":"Налаштування","es":"Configuración","en":"Settings","id":"Pengaturan","ru":"Настройки","uz":"Sozlamalar"},"items":{"security":{"uk":"Безпека","es":"Seguridad","en":"Security","id":"Keamanan","ru":"Безопасность","uz":"Xavfsizlik"},"backup":{"uk":"Резервна копія","es":"Copia de seguridad","en":"Backup","id":"Cadangan","ru":"Резервная копия","uz":"Zaxira nusxasi"},"currency":{"uk":"Валюта","es":"Moneda","en":"Currency","id":"Mata Uang","ru":"Валюта","uz":"Valyuta"},"theme":{"uk":"Тема","es":"Tema","en":"Theme","id":"Tema","ru":"Тема","uz":"Mavzu"},"logout":{"uk":"Вийти","es":"Cerrar sesión","en":"Sign out","id":"Keluar","ru":"Выйти","uz":"Chiqish"},"support":{"uk":"Підтримка","es":"Soporte","en":"Support","id":"Dukungan","ru":"Поддержка","uz":"Qo'llab-quvvatlash"},"tk_news":{"uk":"Новини Tonkeeper","es":"Noticias de Tonkeeper","en":"Tonkeeper news","id":"Berita Tonkeeper","ru":"Новости Tonkeeper","uz":"Tonkeeper yangiliklari"},"contact_us":{"uk":"Зв'яжіться з нами","es":"Contáctenos","en":"Contact us","id":"Hubungi Kami","ru":"Написать команде","uz":"Biz bilan bog'laning"},"rate":{"uk":"Оцінити Tonkeeper X","es":"Calificar Tonkeeper X","en":"Rate Tonkeeper X","id":"Beri nilai Tonkeeper X","ru":"Оценить Tonkeeper X","uz":"Bahola Tonkeeper X"},"legal":{"uk":"Юридичні документи","es":"Legal","en":"Legal","id":"Legal","ru":"Юридические документы","uz":"Yuridik hujjatlar"},"delete_account":{"uk":"Видалити акаунт","es":"Eliminar cuenta","en":"Delete account","id":"Hapus akun","ru":"Удалить аккаунт","uz":"Hisobni o'chirish"},"setup_wallet_description":{"uk":"Редагувати ім'я та колір","es":"Editar nombre y color","en":"Edit name and color","id":"Edit nama dan warna","ru":"Кастомизировать","uz":"Tahrirlash nomi va rangi"}},"logout":{"title":{"uk":"Вийти?","es":"¿Salir?","en":"Log out?","id":"Keluar?","ru":"Выйти?","uz":"Chiqish?"},"description":{"uk":"Це видалить ключі до гаманців. Переконайтеся, що ви зберегли свої секретні фрази відновлення.","es":"Esto eliminará las llaves de las carteras. Asegúrate de haber guardado tus frases de recuperación secreta.","en":"This will erase keys to the wallets. Make sure you have backed up your secret recovery phrases.","id":"Ini akan menghapus kunci dompet. Pastikan Anda telah mencadangkan frasa pemulihan rahasia Anda.","ru":"Доступ к кошелькам будет отключён. Убедитесь, что вы сохранили все секретные ключи.","uz":"Bu hamyon kalitlarini o'chiradi. Maxfiy tiklash iboralarini zaxiralaganingizga ishonch hosil qiling."}}},"theme":{"title":{"uk":"Тема","es":"Tema","en":"Theme","id":"Tema","ru":"Тема","uz":"Mavzu"},"options":{"system":{"uk":"Система","es":"Sistema","en":"System","id":"Sistem","ru":"Системная","uz":"Tizim"},"dark":{"uk":"Темна","es":"Oscura","en":"Dark","id":"Gelap","ru":"Тёмная","uz":"Qorong'i"},"blue":{"uk":"Синя","es":"Azul","en":"Blue","id":"Biru","ru":"Голубая","uz":"Ko'k"}}},"currency":{"title":{"uk":"Основна валюта","es":"Moneda principal","en":"Primary currency","id":"Mata uang utama","ru":"Основная валюта","uz":"Asosiy valyuta"},"items":{"jpy":{"uk":"Японська єна","es":"Yen japonés","en":"Japanese Yen","id":"Yen Jepang","ru":"Японская йена","uz":"Yapon iyenasi"},"usd":{"uk":"Долар США","es":"Dólar estadounidense","en":"United States Dollar","id":"Dolar Amerika Serikat","ru":"Доллар США","uz":"AQSh dollari"},"eur":{"uk":"Євро","es":"Euro","en":"Euro","id":"Euro","ru":"Евро","uz":"Yevro"},"rub":{"uk":"Російський рубль","es":"Rublo ruso","en":"Russian Ruble","id":"Rubel Rusia","ru":"Российский рубль","uz":"Rossiya rubli"},"aed":{"uk":"Дирхам ОАЕ","es":"Dírham de Emiratos Árabes Unidos","en":"United Arab Emirates Dirham","id":"Dirham Uni Emirat Arab","ru":"Дирхам ОАЭ","uz":"BAA dirhami"},"kzt":{"uk":"Казахстанський тенге","es":"Tenge kazajo","en":"Kazakhstani Tenge","id":"Tenge Kazakhstan","ru":"Казахский тенге","uz":"Qozog'iston tengesi"},"uah":{"uk":"Українська гривня","es":"Grivna ucraniana","en":"Ukrainian hryvnian","id":"Hryvnia Ukraina","ru":"Украинская гривна","uz":"Ukraina grivnasi"},"gbp":{"uk":"Фунт стерлінгів","es":"Libra esterlina británica","en":"Great Britain Pound","id":"Pound Inggris","ru":"Фунт стерлингов","uz":"Angliya funti"},"chf":{"uk":"Швейцарський франк","es":"Franco suizo","en":"Swiss Franc","id":"Franc Swiss","ru":"Швейцарский франк","uz":"Shveytsariya franki"},"cny":{"uk":"Китайський юань","es":"Yuan chino","en":"China Yuan","id":"Yuan Tiongkok","ru":"Китайский юань","uz":"Xitoy yuani"},"krw":{"uk":"Південнокорейська вона","es":"Won surcoreano","en":"South Korean Won","id":"Won Korea Selatan","ru":"Южнокорейская вона","uz":"Janubiy Koreya voni"},"idr":{"uk":"Індонезійська рупія","es":"Rupia indonesia","en":"Indonesian Rupiah","id":"Rupiah Indonesia","ru":"Индонезийская рупия","uz":"Indoneziya Rupiyasi"},"inr":{"uk":"Індійська рупія","es":"Rupia india","en":"Indian Rupee","id":"Rupee India","ru":"Индийская рупия","uz":"Hindiston rupiyasi"}}},"backup":{"title":{"uk":"Резервна копія","es":"Copia de seguridad","en":"Backup","id":"Cadangan","ru":"Резервная копия","uz":"Zaxira nusxasi"},"information":{"title":{"uk":"Ручний","es":"Manual","en":"Manual","id":"Manual","ru":"Вручную","uz":"Qo'lda"},"subtitle":{"uk":"Створіть резервну копію свого гаманця вручну, записавши фразу для відновлення.","es":"Haga una copia de seguridad de su billetera manualmente escribiendo la frase de recuperación.","en":"Back up your wallet manually by writing down the recovery phrase.","id":"Buat cadangan dompet Anda secara manual dengan menulis frase pemulihan.","ru":"Создайте резервную копию своего кошелька вручную, записав секретный ключ.","uz":"Hamyoningizni qo'lda saqlang, tiklash iborasini yozib qo'ying."}},"done":{"title":{"uk":"Ручне резервне копіювання увімкнено","es":"Copia de seguridad manual activada","en":"Manual Backup On","id":"Cadangan Manual Aktif","ru":"Резервная копия сделана","uz":"Qo'lda zaxira yoqildi"},"subtitle":{"uk":"Останнє %@","es":"Última %@","en":"Last backup %@","id":"Cadangan terakhir %@","ru":"Последняя %@","uz":"Oxirgi %@"}},"manually":{"button":{"uk":"Створити резервну копію вручну","es":"Hacer copia manualmente","en":"Back Up Manually","id":"Cadangkan Secara Manual","ru":"Сделать копию вручную","uz":"Qo'lda zaxira qilish"}},"show_phrase":{"title":{"uk":"Показати ключ відновлення","es":"Mostrar Frase de Recuperación","en":"Show Recovery Phrase","id":"Tampilkan Frasa Pemulihan","ru":"Показать секретный ключ","uz":"Ko‘rsatish tiklash iborasi"}}},"security":{"title":{"uk":"Безпека","es":"Seguridad","en":"Security","id":"Keamanan","ru":"Безопасность","uz":"Xavfsizlik"},"use":{"uk":"Використовувати %@","es":"Usar %@","en":"Use %@","id":"Gunakan %@","ru":"Использовать %@","uz":"Foydalanish %@"},"change_passcode":{"uk":"Змінити пін-код","es":"Cambiar código PIN","en":"Change Passcode","id":"Ubah kode sandi","ru":"Поменять пин-код","uz":"Parolni o'zgartirish"},"unavailable_error":{"uk":"Біометрія недоступна","es":"Biometría no disponible","en":"Biometry unavailable","id":"Biometri tidak tersedia","ru":"Биометрия недоступна","uz":"Biometriya mavjud emas"},"use_biometry_description":{"uk":"Ви завжди можете розблокувати гаманець за допомогою пароля","es":"Siempre puedes desbloquear tu billetera con un código de acceso.","en":"You can always unlock your wallet with a passcode.","id":"Anda selalu dapat membuka dompet Anda dengan kode sandi.","ru":"Вы всегда можете разблокировать кошелёк\\nс помощью пин-кода","uz":"Hamyonni har doim kod yordamida ochishingiz mumkin"}},"wallet_buttons":{"send":{"uk":"Відправити","es":"Enviar","en":"Send","id":"Kirim","ru":"Отправить","uz":"Yuborish"},"receive":{"uk":"Отримати","es":"Recibir","en":"Receive","id":"Terima","ru":"Получить","uz":"Olish"},"scan":{"uk":"Сканувати","es":"Escanear","en":"Scan","id":"Pindai","ru":"Сканировать","uz":"Skanerlash"},"buy":{"uk":"Купити TON","es":"Comprar TON","en":"Buy TON","id":"Beli TON","ru":"Купить TON","uz":"TON сотиб олиш"},"swap":{"uk":"Обміняти","es":"Cambiar","en":"Swap","id":"Tukar","ru":"Обменять","uz":"Almashish"},"stake":{"uk":"Застейкати","es":"Apostar","en":"Stake","id":"Stake","ru":"Застейкать","uz":"Staking"}},"send":{"title":{"uk":"Відправити","es":"Enviar","en":"Send","id":"Kirim","ru":"Отправить","uz":"Yuborish"},"recepient":{"placeholder":{"uk":"Адрес або ім'я","es":"Dirección o nombre","en":"Address or name","id":"Alamat atau nama","ru":"Адрес или имя","uz":"Manzil yoki ism"}},"amount":{"placeholder":{"uk":"Сума","es":"Monto","en":"Amount","id":"Jumlah","ru":"Сумма","uz":"Miqdor"}},"comment":{"placeholder":{"uk":"Коментар","es":"Comentario","en":"Comment","id":"Komentar","ru":"Комментарий","uz":"Kommentary"},"description":{"uk":"Буде видно всім.","es":"Será visible para todos.","en":"Will be visible to everyone.","id":"Akan terlihat oleh semua orang.","ru":"Будет виден всем.","uz":"Hamma ko‘radi."}},"required_comment":{"placeholder":{"uk":"Обов'язковий коментар","es":"Comentario obligatorio","en":"Required comment","id":"Komentar wajib","ru":"Комментарий","uz":"Majburiy izoh"},"description":{"uk":"Обов'язково вкажіть примітку або тег під час відправки на біржу.","es":"Debe incluir la nota del intercambio para la transferencia. Sin ella, sus fondos se perderán.","en":"You must include the note from the exchange for transfer. Without it your funds will be lost.","id":"Anda harus menyertakan catatan dari bursa untuk transfer. Tanpanya, dana Anda akan hilang.","ru":"Обязательно укажите memo или тег при отправке на биржу.","uz":"Birjaga yuborishda memo yoki tegni ko'rsating."}}},"confirm_send":{"token_transfer":{"title":{"uk":"Підтвердити дію","es":"Confirmar acción","en":"Confirm action","id":"Konfirmasi tindakan","ru":"Подтвердить действие","uz":"Harakatni tasdiqlash"},"transfer":{"uk":"Переказ %@","es":"Transferencia %@","en":"Transfer %@","id":"Transfer %@","ru":"Отправка %@","uz":"O'tkazish %@"}},"fee":{"uk":"Комісія","es":"Comisión","en":"Fee","id":"Biaya","ru":"Комиссия","uz":"Komissiya"},"wallet":{"uk":"Гаманець","es":"Cartera","en":"Wallet","id":"Dompet","ru":"Кошелёк","uz":"Hamyon"},"amount":{"uk":"Сума","es":"Monto","en":"Amount","id":"Jumlah","ru":"Сумма","uz":"Miqdor"},"comment":{"uk":"Коментар","es":"Comentario","en":"Comment","id":"Komentar","ru":"Комментарий","uz":"Izoh"},"recipient":{"title":{"uk":"Отримувач","es":"Destinatario","en":"Recipient","id":"Penerima","ru":"Получатель","uz":"Qabul qiluvchi"},"address":{"uk":"Адреса одержувача","es":"Dirección del destinatario","en":"Recipient address","id":"Alamat penerima","ru":"Адрес получателя","uz":"Qabul qiluvchining manzili"}},"confirm_button":{"uk":"Підтвердити і відправити","es":"Confirmar y enviar","en":"Confirm and send","id":"Konfirmasi dan kirim","ru":"Подтвердить и отправить","uz":"Tasdiqlash va jo'natish"}},"customize_wallet":{"title":{"uk":"Налаштуй свій гаманець","es":"Personaliza tu billetera","en":"Customize your Wallet","id":"Sesuaikan Dompet Anda","ru":"Кастомизируйте свой кошелёк","uz":"Hamyoningizni moslashtiring"},"description":{"uk":"Назва та іконка гаманця зберігаються локально на вашому пристрої.","es":"El nombre y el icono de la billetera se guardan localmente en tu dispositivo.","en":"Wallet name and icon are stored locally on your device.","id":"Nama dan ikon dompet disimpan secara lokal di perangkat Anda.","ru":"Имя и иконка кошелька хранятся локально на вашем устройстве.","uz":"Hamyon nomi va ikonkasi qurilmangizda lokal tarzda saqlanadi."},"input_placeholder":{"uk":"Ім'я гаманця","es":"Nombre de la cartera","en":"Wallet Name","id":"Nama Dompet","ru":"Имя кошелька","uz":"Hamyon nomi"},"default_wallet_name":{"uk":"Гаманець","es":"Cartera","en":"Wallet","id":"Dompet","ru":"Кошелёк","uz":"Hamyon"}},"connection_status":{"updating":{"uk":"Оновлення","es":"Actualizando","en":"Updating","id":"Memperbarui","ru":"Обновление","uz":"Yangilanmoqda"},"no_internet":{"uk":"Немає з'єднання з інтернетом","es":"Sin conexión a Internet","en":"No Internet connection","id":"Tidak ada sambungan Internet","ru":"Нет сети","uz":"Internet aloqasi yo'q"},"updated_at":{"uk":"Оновлено %@","es":"Actualizado %@","en":"Updated %@","id":"Diperbarui %@","ru":"Обновлено %@","uz":"Yangilangan %@"}},"token":{"unverified":{"uk":"Неперевірений токен","es":"Token no verificado","en":"Unverified token","id":"Token belum diverifikasi","ru":"Непроверенный токен","uz":"Tasdiqlanmagan token"}},"onboarding":{"caption":{"uk":"Створіть новий гаманець або додайте існуючий","es":"Cree una nueva billetera o agregue una existente","en":"Create a new wallet or add an existing one","id":"Buat dompet baru atau tambahkan yang sudah ada","ru":"Создайте новый или подключите существующий кошелёк","uz":"Yangi hamyon yarating yoki mavjudini qo'shing"},"buttons":{"create_new":{"uk":"Створити новий гаманець","es":"Crear Nuevo Monedero","en":"Create New Wallet","id":"Buat Dompet Baru","ru":"Создать новый кошелёк","uz":"Yangi hamyon yaratish"},"import_existing":{"uk":"Імпортувати існуючий гаманець","es":"Importar Cartera Existente","en":"Import Existing Wallet","id":"Impor Dompet yang Ada","ru":"Подключить существующий","uz":"Import qilish"}}},"passcode":{"create":{"uk":"Створити код доступу","es":"Crear código de acceso","en":"Create passcode","id":"Buat kata sandi","ru":"Задайте новый пин-код","uz":"Yangi pin-kod yarating"},"reenter":{"uk":"Введіть пароль ще раз","es":"Vuelve a ingresar el código de acceso","en":"Re-enter passcode","id":"Masukkan kembali kode sandi","ru":"Введите пин-код ещё раз","uz":"Parolni qaytadan kiriting"},"enter":{"uk":"Введіть пін-код","es":"Introduce el código de acceso","en":"Enter passcode","id":"Masukkan kode sandi","ru":"Введите пин-код","uz":"PIN-kodni kiriting"}},"import_wallet":{"title":{"uk":"Введіть секретний ключ","es":"Introduzca la frase de recuperación","en":"Enter recovery phrase","id":"Masukkan frasa pemulihan","ru":"Введите секретный ключ","uz":"Yoqotilgan kalit so'zini kiriting"},"description":{"uk":"Коли ви створили цей гаманець, ви отримали фразу відновлення з 24 слів. Введіть її, щоб відновити доступ до свого гаманця.","es":"Cuando creó esta billetera, recibió una frase de recuperación de 24 palabras. Ingrésela para restaurar el acceso a su billetera.","en":"When you created this wallet, you got a 24-word recovery phrase. Enter it to restore access to your wallet.","id":"Saat Anda membuat dompet ini, Anda mendapatkan frasa pemulihan 24 kata. Masukkan itu untuk mengembalikan akses ke dompet Anda.","ru":"Чтобы восстановить доступ, введите 24 секретных слова, которые вы получили при создании кошелька.","uz":"Siz ushbu hamyonni yaratganingizda, sizga 24 so'zli tiklash iborasi berildi. Hamyoningizga kirishni tiklash uchun uni kiriting."}},"choose_wallets":{"title":{"uk":"Виберіть гаманці","es":"Elija Carteras","en":"Choose Wallets","id":"Pilih Dompet","ru":"Выберите кошельки","uz":"Hamyonlarni tanlang"},"description":{"uk":"Оберіть гаманці, які ви хочете додати.","es":"Elige las carteras que quieres añadir.","en":"Choose wallets you want to add.","id":"Pilih dompet yang ingin Anda tambahkan.","ru":"Выберите кошельки, которые вы хотите добавить.","uz":"Oʻzingiz qo‘shmoqchi boʻlgan hamyonlarni tanlang."},"tokens":{"uk":"токени","es":"tokens","en":"tokens","id":"token","ru":"токены","uz":"tokenlar"}},"finish_setup":{"title":{"uk":"Завершити налаштування","es":"Terminar configuración","en":"Finish setting up","id":"Selesaikan pengaturan","ru":"Завершить установку","uz":"Sozlamalarni yakunlash"},"setup_biometry":{"uk":"Увімкніть %@ для підтвердження транзакцій","es":"Utiliza %@ para aprobar transacciones","en":"Use %@ to approve transactions","id":"Gunakan %@ untuk menyetujui transaksi","ru":"Включите %@ для подтверждения транзакций","uz":"%@дан фойдаланиб транзакцияларни тасдиқланг"},"biometry_unavailable":{"uk":"Біометрія недоступна","es":"Biometría no disponible","en":"Biometry unavailable","id":"Biometri tidak tersedia","ru":"Биометрия недоступна","uz":"Biometriya mavjud emas"},"backup":{"uk":"Створіть резервну копію фрази для відновлення гаманця","es":"Haga una copia de seguridad de la frase de recuperación del monedero","en":"Back up the wallet recovery phrase","id":"Buat cadangan frasa pemulihan dompet","ru":"Создайте резервную копию секретного ключа кошелька","uz":"Zaxira nusxasini yarating hamyonni tiklash uchun yozuvdan"}},"wallets_list":{"title":{"uk":"Список гаманців","es":"Lista de carteras","en":"Wallets list","id":"Daftar dompet","ru":"Кошельки","uz":"Hamyonlar ro'yxati"},"add_wallet":{"uk":"Додати гаманець","es":"Agregar Cartera","en":"Add Wallet","id":"Tambahkan Dompet","ru":"Добавить кошелёк","uz":"Hamyon qo'shish"}},"add_wallet":{"title":{"uk":"Додати гаманець","es":"Añadir Cartera","en":"Add Wallet","id":"Tambahkan Dompet","ru":"Добавить кошелёк","uz":"Hamyon qo'shish"},"description":{"uk":"Створіть новий гаманець або додайте наявний.","es":"Cree una nueva billetera o añada una existente.","en":"Create a new wallet or add an existing one.","id":"Buat dompet baru atau tambahkan yang sudah ada.","ru":"Создайте новый кошелёк или добавьте существующий.","uz":"Yangi hamyon yarating yoki mavjudini qo'shing."},"items":{"new_wallet":{"title":{"uk":"Новий гаманець","es":"Nuevo Monedero","en":"New Wallet","id":"Dompet Baru","ru":"Новый кошелёк","uz":"Yangi Hamyon"},"subtitle":{"uk":"Створити новий гаманець","es":"Crear nueva cartera","en":"Create new wallet","id":"Buat dompet baru","ru":"Создать новый кошелёк","uz":"Yangi hamyon yaratish"}},"existing_wallet":{"title":{"uk":"Існуючий гаманець","es":"Cartera Existente","en":"Existing Wallet","id":"Dompet yang Ada","ru":"Существующий кошелёк","uz":"Mavjud hamyon"},"subtitle":{"uk":"Імпортуйте гаманець за допомогою 24 секретних слів відновлення","es":"Importar cartera con 24 palabras secretas de recuperación","en":"Import wallet with a 24 secret recovery words","id":"Impor dompet dengan 24 kata-kata pemulihan rahasia","ru":"Добавить кошелёк с помощью секретного ключа из 24 слов","uz":"Hamyonni 24 ta maxfiy tiklash so'zlari yordamida import qiling"}},"watch_only":{"title":{"uk":"Акаунт для перегляду","es":"Cuenta de solo visualización","en":"Watch Account","id":"Akun Tontonan","ru":"Аккаунт для просмотра","uz":"Акаунт фақат кўриш учун"},"subtitle":{"uk":"Для моніторингу активності гаманця без введення секретної фрази","es":"Para monitorear la actividad de la billetera sin frase de recuperación","en":"For monitor wallet activity without recovery phrase","id":"Untuk memantau aktivitas dompet tanpa frasa pemulihan","ru":"Для отслеживания активности кошелька без ввода секретного ключа","uz":"Hamyon faoliyatini tiklash iborasiz kuzatish uchun"}},"testnet":{"title":{"uk":"Тестова мережа Аккаунт","es":"Cuenta de Testnet","en":"Testnet Account","id":"Akun Testnet","uz":"Testnet Hisobi"},"subtitle":{"uk":"Імпортуйте гаманець за допомогою 24 секретних слів для відновлення в Testnet","es":"Importar cartera con 24 palabras secretas de recuperación a Testnet","en":"Import wallet with a 24 secret recovery words to Testnet","id":"Impor dompet dengan 24 kata pemulihan rahasia ke Testnet","uz":"Testnet uchun 24 ta maxfiy tiklash so'zlari yordamida hamyonni import qiling"}},"pair_signer":{"title":{"uk":"З'єднати Signer","es":"Emparejar Signer","en":"Pair Signer","id":"Pasangkan Signer","ru":"Пара для Signer","uz":"Signer juftlash"},"subtitle":{"uk":"Вищий рівень контролю та безпеки","es":"Un mayor nivel de control y seguridad","en":"A higher level of control and security","id":"Tingkat kendali dan keamanan yang lebih tinggi","ru":"Более высокий уровень контроля и безопасности","uz":"Yuqori darajadagi nazorat va xavfsizlik"}},"pair_ledger":{"title":{"uk":"Підключити Ledger","es":"Vincular con Ledger","en":"Pair with Ledger","id":"Hubungkan Ledger","ru":"Подключить Ledger","uz":"Ulanish Ledger bilan"},"subtitle":{"uk":"Апаратний модуль, Bluetooth, обмежені функції TON","es":"Módulo de hardware, Bluetooth, funciones limitadas de TON","en":"Hardware module, Bluetooth, limited TON features","id":"Modul perangkat keras, Bluetooth, fitur TON terbatas","ru":"Аппаратный модуль, Bluetooth, ограниченные функции TON","uz":"Aksessuar moduli, Bluetooth, cheklangan TON funksiyalari"}}}},"scanner":{"title":{"uk":"Скануйте QR-код","es":"Escanea el código QR","en":"Scan QR code","id":"Pindai kode QR","ru":"Отсканируйте QR-код","uz":"QR-kodni skanerlang"}},"signer":{"scan":{"subtitle":{"uk":"Відкрийте Signer » Виберіть потрібний ключ » Відскануйте QR-код","es":"Abra Signer » Seleccione la clave requerida » Escanee el código QR","en":"Open Signer » Select the required key » Scan QR code","id":"Buka Signer » Pilih kunci yang diperlukan » Pindai kode QR","ru":"Откройте Signer » Выберите нужный ключ » Отсканируйте QR-код","uz":"Signer-ni oching » Kerakli kalitni tanlang » QR kodni skaner qiling"},"open_signer_button":{"uk":"Відкрити Signer на цьому пристрої","es":"Abrir Signer en este dispositivo","en":"Open Signer on this device","id":"Buka Signer di perangkat ini","ru":"Открыть Signer на этом устройстве","uz":"Ushbu qurilmada Signerni ochish"}}},"chart":{"price":{"uk":"Ціна","es":"Precio","en":"Price","id":"Harga","ru":"Цена","uz":"Narx"}},"periods":{"hour":{"uk":"Г","es":"H","en":"H","id":"J","ru":"Ч","uz":"So"},"day":{"uk":"Д","es":"D","en":"D","id":"H","ru":"Д","uz":"K"},"week":{"uk":"Т","es":"S","en":"W","id":"M","ru":"Н","uz":"H"},"month":{"uk":"М","es":"M","en":"M","id":"B","ru":"М","uz":"O"},"half_year":{"uk":"6М","es":"6M","en":"6M","id":"6B","ru":"6М","uz":"6O"},"year":{"uk":"Р","es":"A","en":"Y","id":"T","ru":"Г","uz":"Y"}},"wallet_tags":{"watch_only":{"uk":"Тільки перегляд","es":"Solo visualización","en":"Watch only","id":"Hanya melihat","ru":"Просмотр","uz":"Faqat ko‘rish"}},"receive":{"title":{"uk":"Отримати %@","es":"Recibir %@","en":"Receive %@","id":"Terima %@","ru":"Получить %@","uz":"Olish %@"},"description":{"uk":"Відправляйте на цю адресу тільки %@ та токени в мережі TON, інакше ви можете втратити свої кошти.","es":"Envíe solo %@ y tokens en la red TON a esta dirección, o podría perder sus fondos.","en":"Send only %@ and tokens in TON network to this address, or you might lose your funds.","id":"Kirim hanya %@ dan token di jaringan TON ke alamat ini, atau Anda mungkin kehilangan dana Anda.","ru":"Отправляйте на этот адрес только %@ и токены в сети TON, иначе вы можете потерять свои средства.","uz":"Faqatgina %@ va TON tarmog‘idagi tokenlarni ushbu manzilga yuboring, aks holda mablag‘laringiz yo‘qolishi mumkin."}},"watch_account":{"title":{"uk":"Акаунт для перегляду","es":"Cuenta de observación","en":"Watch Account","id":"Akun Tonton","ru":"Аккаунт для просмотра","uz":"Ko‘rib chiqish uchun akkaunt"},"description":{"uk":"Відслідковуйте активність гаманця без фрази відновлення. Ви будете отримувати сповіщення про будь-які транзакції з цього гаманця.","es":"Monitorea la actividad del monedero sin frase de recuperación. Recibirás notificaciones sobre cualquier transacción de este monedero.","en":"Monitor wallet activity without recovery phrase. You will be notified of any transactions from this wallet.","id":"Pantau aktivitas dompet tanpa frasa pemulihan. Anda akan menerima pemberitahuan tentang transaksi apa pun dari dompet ini.","ru":"Отслеживайте активность, получайте уведомления о транзакциях этого кошелька без ввода секретного ключа.","uz":"Hamyon faoliyatini tiklash iborasiz kuzatib boring. Ushbu hamyondan amalga oshirilgan har qanday tranzaksiya haqida xabarnoma olasiz."},"placeholder":{"uk":"Адрес або ім'я","es":"Dirección o nombre","en":"Address or name","id":"Alamat atau nama","ru":"Адрес или имя","uz":"Manzil yoki ism"}},"action_types":{"future":{"send":{"uk":"Відправити","es":"Enviar","en":"Send","id":"Kirim","ru":"Отправить","uz":"Yuborish"},"receive":{"uk":"Отримати","es":"Recibir","en":"Receive","id":"Terima","ru":"Получить","uz":"Qabul qilish"}},"sent":{"uk":"Відправлено","es":"Enviado","en":"Sent","id":"Terkirim","ru":"Отправлено","uz":"Yuborildi"},"received":{"uk":"Отримано","es":"Recibido","en":"Received","id":"Diterima","ru":"Получено","uz":"Qabul qilindi"},"stake":{"uk":"Ставка","es":"Apuesta","en":"Stake","id":"Pasak","ru":"Депозит","uz":"Garov"},"unstake":{"uk":"Виведення ставок","es":"Desapostar","en":"Unstake","id":"Tarik taruhan","ru":"Вывод","uz":"Tikishdan chiqarish"},"unstake_request":{"uk":"Запит на відв'язку","es":"Solicitud de desapuntalamiento","en":"Unstake Request","id":"Permintaan Pemutusan","ru":"Запрос на вывод","uz":"Unstake soʻrovi"},"swap":{"uk":"Заміна","es":"Intercambio","en":"Swap","id":"Tukar","ru":"Обмен","uz":"Almashtirish"},"spam":{"uk":"Спам","es":"Spam","en":"Spam","id":"Spam","ru":"Спам","uz":"Spam"},"bounced":{"uk":"Повернено","es":"Rebotado","en":"Bounced","id":"Dikembalikan","ru":"Возвращено","uz":"Qaytarildi"},"subscribed":{"uk":"Підписка","es":"Suscrito","en":"Subscribed","id":"Langganan","ru":"Подписка","uz":"Obuna"},"unsubscribed":{"uk":"Відписка","es":"Darse de baja","en":"Unsubscribed","id":"Berhenti berlangganan","ru":"Отмена подписки","uz":"Obuna bekor qilindi"},"contract_exec":{"uk":"Виклик контракту","es":"Llamar contrato","en":"Call contract","id":"Panggilan kontrak","ru":"Вызов контракта","uz":"Shartnoma chaqiruvi"},"nft_collection_deploy":{"uk":"Створення колекції NFT","es":"Despliegue de colección NFT","en":"NFT сollection creation","id":"Penciptaan Koleksi NFT","ru":"Создание контракта","uz":"NFT коллекциясини яратиш"},"nft_deploy":{"uk":"Створення NFT","es":"Creación de NFT","en":"NFT creation","id":"Pembuatan NFT","ru":"Создание контракта","uz":"NFT yaratish"},"nft_sale_removal":{"uk":"Видалення з продажу","es":"Retirada de la venta","en":"Removal from sale","id":"Penghapusan dari penjualan","ru":"Сбор с продажи","uz":"Sotuvdan o'chirish"},"nft_purchase":{"uk":"Покупка NFT","es":"Compra de NFT","en":"NFT purchase","id":"Pembelian NFT","ru":"Покупка NFT","uz":"NFT xaridi"},"bid":{"uk":"Ставка","es":"Puja","en":"Bid","id":"Tawaran","ru":"Ставка","uz":"Stavka"},"put_up_auction":{"uk":"Виставити на аукціон","es":"Poner en subasta","en":"Put up for auction","id":"Pasang lelang","ru":"Начало аукциона","uz":"Kimoshga qoʻyish"},"end_auction":{"uk":"Завершення аукціону","es":"Fin de la subasta","en":"End of auction","id":"Akhir lelang","ru":"Завершение аукциона","uz":"Auksionni yakunlash"},"domain_renew":{"uk":"Оновлення домену","es":"Renovar Dominio","en":"Renew Domain","id":"Perpanjang Domain","ru":"Продление домена","uz":"Domenni yangilash"},"unknown":{"uk":"Невідомо","es":"Desconocido","en":"Unknown","id":"Tidak diketahui","ru":"Неизвестно","uz":"Noma'lum"},"wallet_initialize":{"uk":"Гаманець ініціалізовано","es":"Cartera inicializada","en":"Wallet initialized","id":"Dompet diinisialisasi","ru":"Кошелёк инициализирован","uz":"Hamyon ishga tushirildi"}},"ledger_connect":{"title":{"uk":"Підключити Ledger","es":"Conectar Ledger","en":"Connect Ledger","id":"Hubungkan Ledger","ru":"Подключить Ledger","uz":"Ledgerni ulash"},"steps":{"bluetooth_connect":{"description":{"uk":"Підключіть Ledger до вашого пристрою через Bluetooth","es":"Conecta Ledger a tu dispositivo a través de Bluetooth","en":"Connect Ledger to your device via Bluetooth","id":"Sambungkan Ledger ke perangkat Anda melalui Bluetooth","uz":"Ledger qurilmasini Bluetooth orqali ulang"}},"ton_app":{"description":{"uk":"Розблокуйте і відкрийте додаток TON","es":"Desbloquéalo y abre la aplicación TON","en":"Unlock it and open TON App","id":"Buka kunci dan buka aplikasi TON","uz":"TON ilovasini oching va qulfdan chiqaring"},"link":{"uk":"Встановіть додаток TON","es":"Instala la App TON","en":"Install TON App","id":"Instal Aplikasi TON","uz":"TON ilovasini o'rnating"}}},"items":{"bluetooth_connect":{"description":{"uk":"Підключіть Ledger до свого пристрою за допомогою Bluetooth","es":"Conecte Ledger a su dispositivo utilizando Bluetooth","id":"Hubungkan Ledger ke perangkat Anda menggunakan Bluetooth","ru":"Подключите Ledger к своему устройству с помощью Bluetooth","uz":"Ledger'ни Bluetooth орқали қурилмангиз билан уланг"}},"ton_app":{"description":{"uk":"Розблокуйте його та відкрийте додаток TON","es":"Desbloquéalo y abre la aplicación TON","id":"Buka kunci dan buka aplikasi TON","ru":"Разблокируйте его и откройте приложение TON","uz":"Qulfini oching va TON ilovasini oching"},"link":{"uk":"Встановити застосунок","es":"Instalar aplicación","id":"Instal aplikasi","ru":"Установить приложение","uz":"Ilovani o'rnating"}}}},"ledger_confirm":{"title":{"uk":"Підтвердити дію","es":"Confirmar Acción","en":"Confirm Action","id":"Konfirmasi Tindakan","ru":"Подтвердить действие","uz":"Harakatni tasdiqlash"},"steps":{"bluetooth_connect":{"description":{"uk":"Підключіть Ledger до вашого пристрою через Bluetooth","es":"Conecte Ledger a su dispositivo mediante Bluetooth","en":"Connect Ledger to your device via Bluetooth","id":"Sambungkan Ledger ke perangkat Anda melalui Bluetooth","uz":"Ledger’ni qurilmangizga Bluetooth orqali ulang"}},"ton_app":{"description":{"uk":"Розблокуйте його та відкрийте додаток TON","es":"Desbloquéalo y abre la app de TON","en":"Unlock it and open TON App","id":"Buka kunci dan buka aplikasi TON","uz":"Qulfni oching va TON ilovasini oching"}},"confirm":{"description":{"uk":"Підтвердіть вашу транзакцію на Ledger","es":"Confirme su transacción en Ledger","en":"Confirm your transaction on Ledger","id":"Konfirmasikan transaksi Anda di Ledger","uz":"Ledger’dagi tranzaksiyangizni tasdiqlang"}}},"items":{"bluetooth_connect":{"description":{"uk":"Підключіть Ledger до свого пристрою за допомогою Bluetooth","es":"Conecte el Ledger a su dispositivo mediante Bluetooth","id":"Hubungkan Ledger ke perangkat Anda menggunakan Bluetooth","ru":"Подключите Ledger к своему устройству с помощью Bluetooth","uz":"Ledger-ni qurilmangizga Bluetooth orqali ulang"}},"ton_app":{"description":{"uk":"Розблокуйте його і відкрийте додаток TON","es":"Desbloquéalo y abre la aplicación TON","id":"Buka kunci dan buka aplikasi TON","ru":"Разблокируйте его и откройте приложение TON","uz":"Qu'lflang va TON ilovasini oching"}},"confirm":{"uk":"Підтвердьте транзакцію у Ledger","es":"Confirme la transacción en Ledger","id":"Konfirmasi transaksi di Ledger","ru":"Подтвердите транзакцию в Ledger","uz":"Ledger'dagi tranzaksiyani tasdiqlang"}}},"sign_out_full":{"title":{"uk":"🚧 🚨🚨🚨 🚧\\nВийти з усіх гаманців?","es":"🚧 🚨🚨🚨 🚧\\\\n¿Salir de todas las carteras?","en":"🚧 🚨🚨🚨 🚧\\nSign Out of All Wallets?","id":"🚧 🚨🚨🚨 🚧\\\\nKeluar dari Semua Dompet?","ru":"🚧 🚨🚨🚨 🚧\\nВыйти из всех кошельков?","uz":"🚧 🚨🚨🚨 🚧\\\\nBarcha hamyonlardan chiqish?"},"description":{"uk":"Це видалить ключі до всіх гаманців. Переконайтеся, що ви зберегли резервні фрази для відновлення.","es":"Esto eliminará las llaves de todas las billeteras. Asegúrese de haber guardado sus frases de recuperación.","en":"This will erase keys to all wallets. Make sure you have backed up your recovery phrases.","id":"Ini akan menghapus kunci untuk semua dompet. Pastikan Anda telah mencadangkan frasa pemulihan Anda.","ru":"Доступ к кошелькам будет отключён. Убедитесь, что вы сохранили все секретные ключи.","uz":"Bu barcha hamyonlar uchun kalitlarni o‘chiradi. Qayta tiklash uchun barcha iboralarni zaxiralaganingizga ishonch hosil qiling."}}}